Component: Arm Compiler for Embedded 6.24 Tool: armlink [5f371500]

==============================================================================

Section Cross References

    startup_stm32f401xc.o(STACK) refers (Special) to heapauxi.o(.text) for __use_two_region_memory
    startup_stm32f401xc.o(HEAP) refers (Special) to heapauxi.o(.text) for __use_two_region_memory
    startup_stm32f401xc.o(RESET) refers (Special) to heapauxi.o(.text) for __use_two_region_memory
    startup_stm32f401xc.o(RESET) refers to startup_stm32f401xc.o(STACK) for __initial_sp
    startup_stm32f401xc.o(RESET) refers to startup_stm32f401xc.o(.text) for Reset_Handler
    startup_stm32f401xc.o(RESET) refers to stm32f4xx_it.o(.text.NMI_Handler) for NMI_Handler
    startup_stm32f401xc.o(RESET) refers to stm32f4xx_it.o(.text.HardFault_Handler) for HardFault_Handler
    startup_stm32f401xc.o(RESET) refers to stm32f4xx_it.o(.text.MemManage_Handler) for MemManage_Handler
    startup_stm32f401xc.o(RESET) refers to stm32f4xx_it.o(.text.BusFault_Handler) for BusFault_Handler
    startup_stm32f401xc.o(RESET) refers to stm32f4xx_it.o(.text.UsageFault_Handler) for UsageFault_Handler
    startup_stm32f401xc.o(RESET) refers to stm32f4xx_it.o(.text.SVC_Handler) for SVC_Handler
    startup_stm32f401xc.o(RESET) refers to stm32f4xx_it.o(.text.DebugMon_Handler) for DebugMon_Handler
    startup_stm32f401xc.o(RESET) refers to stm32f4xx_it.o(.text.PendSV_Handler) for PendSV_Handler
    startup_stm32f401xc.o(RESET) refers to stm32f4xx_it.o(.text.SysTick_Handler) for SysTick_Handler
    startup_stm32f401xc.o(RESET) refers to stm32f4xx_it.o(.text.TIM1_UP_TIM10_IRQHandler) for TIM1_UP_TIM10_IRQHandler
    startup_stm32f401xc.o(RESET) refers to stm32f4xx_it.o(.text.TIM5_IRQHandler) for TIM5_IRQHandler
    startup_stm32f401xc.o(.text) refers (Special) to heapauxi.o(.text) for __use_two_region_memory
    startup_stm32f401xc.o(.text) refers to system_stm32f4xx.o(.text.SystemInit) for SystemInit
    startup_stm32f401xc.o(.text) refers to __main.o(!!!main) for __main
    startup_stm32f401xc.o(.text) refers to startup_stm32f401xc.o(HEAP) for Heap_Mem
    startup_stm32f401xc.o(.text) refers to startup_stm32f401xc.o(STACK) for Stack_Mem
    main.o(.ARM.exidx.text.delay_ms) refers to main.o(.text.delay_ms) for [Anonymous Symbol]
    main.o(.text.main) refers to stm32f4xx_hal.o(.text.HAL_Init) for HAL_Init
    main.o(.text.main) refers to main.o(.text.SystemClock_Config) for SystemClock_Config
    main.o(.text.main) refers to gpio.o(.text.MX_GPIO_Init) for MX_GPIO_Init
    main.o(.text.main) refers to adc.o(.text.MX_ADC1_Init) for MX_ADC1_Init
    main.o(.text.main) refers to i2c.o(.text.MX_I2C1_Init) for MX_I2C1_Init
    main.o(.text.main) refers to tim.o(.text.MX_TIM2_Init) for MX_TIM2_Init
    main.o(.text.main) refers to tim.o(.text.MX_TIM3_Init) for MX_TIM3_Init
    main.o(.text.main) refers to usart.o(.text.MX_USART1_UART_Init) for MX_USART1_UART_Init
    main.o(.text.main) refers to rtc.o(.text.MX_RTC_Init) for MX_RTC_Init
    main.o(.text.main) refers to tim.o(.text.MX_TIM1_Init) for MX_TIM1_Init
    main.o(.text.main) refers to tim.o(.text.MX_TIM4_Init) for MX_TIM4_Init
    main.o(.text.main) refers to tim.o(.text.MX_TIM5_Init) for MX_TIM5_Init
    main.o(.text.main) refers to init.o(.text.All_init) for All_init
    main.o(.text.main) refers to dog_control.o(.text.Stand) for Stand
    main.o(.text.main) refers to main.o(.text.delay_ms) for delay_ms
    main.o(.text.main) refers to dog_control.o(.text.Trot) for Trot
    main.o(.ARM.exidx.text.main) refers to main.o(.text.main) for [Anonymous Symbol]
    main.o(.text.SystemClock_Config) refers to rt_memclr_w.o(.text) for __aeabi_memclr4
    main.o(.text.SystemClock_Config) refers to stm32f4xx_hal_rcc.o(.text.HAL_RCC_OscConfig) for HAL_RCC_OscConfig
    main.o(.text.SystemClock_Config) refers to main.o(.text.Error_Handler) for Error_Handler
    main.o(.text.SystemClock_Config) refers to stm32f4xx_hal_rcc.o(.text.HAL_RCC_ClockConfig) for HAL_RCC_ClockConfig
    main.o(.ARM.exidx.text.SystemClock_Config) refers to main.o(.text.SystemClock_Config) for [Anonymous Symbol]
    main.o(.ARM.exidx.text.Error_Handler) refers to main.o(.text.Error_Handler) for [Anonymous Symbol]
    gpio.o(.text.MX_GPIO_Init) refers to stm32f4xx_hal_gpio.o(.text.HAL_GPIO_WritePin) for HAL_GPIO_WritePin
    gpio.o(.text.MX_GPIO_Init) refers to stm32f4xx_hal_gpio.o(.text.HAL_GPIO_Init) for HAL_GPIO_Init
    gpio.o(.ARM.exidx.text.MX_GPIO_Init) refers to gpio.o(.text.MX_GPIO_Init) for [Anonymous Symbol]
    adc.o(.text.MX_ADC1_Init) refers to adc.o(.bss.hadc1) for hadc1
    adc.o(.text.MX_ADC1_Init) refers to stm32f4xx_hal_adc.o(.text.HAL_ADC_Init) for HAL_ADC_Init
    adc.o(.text.MX_ADC1_Init) refers to main.o(.text.Error_Handler) for Error_Handler
    adc.o(.text.MX_ADC1_Init) refers to stm32f4xx_hal_adc.o(.text.HAL_ADC_ConfigChannel) for HAL_ADC_ConfigChannel
[...]
    leg_ik.c                                 0x00000000   Number         0  leg_ik.o ABSOLUTE
    main.c                                   0x00000000   Number         0  main.o ABSOLUTE
    rtc.c                                    0x00000000   Number         0  rtc.o ABSOLUTE
    server_drive.c                           0x00000000   Number         0  server_drive.o ABSOLUTE
    startup_stm32f401xc.s                    0x00000000   Number         0  startup_stm32f401xc.o ABSOLUTE
    stm32f4xx_hal.c                          0x00000000   Number         0  stm32f4xx_hal.o ABSOLUTE
    stm32f4xx_hal_adc.c                      0x00000000   Number         0  stm32f4xx_hal_adc.o ABSOLUTE
    stm32f4xx_hal_adc_ex.c                   0x00000000   Number         0  stm32f4xx_hal_adc_ex.o ABSOLUTE
    stm32f4xx_hal_cortex.c                   0x00000000   Number         0  stm32f4xx_hal_cortex.o ABSOLUTE
    stm32f4xx_hal_dma.c                      0x00000000   Number         0  stm32f4xx_hal_dma.o ABSOLUTE
    stm32f4xx_hal_dma_ex.c                   0x00000000   Number         0  stm32f4xx_hal_dma_ex.o ABSOLUTE
    stm32f4xx_hal_exti.c                     0x00000000   Number         0  stm32f4xx_hal_exti.o ABSOLUTE
    stm32f4xx_hal_flash.c                    0x00000000   Number         0  stm32f4xx_hal_flash.o ABSOLUTE
    stm32f4xx_hal_flash_ex.c                 0x00000000   Number         0  stm32f4xx_hal_flash_ex.o ABSOLUTE
    stm32f4xx_hal_flash_ramfunc.c            0x00000000   Number         0  stm32f4xx_hal_flash_ramfunc.o ABSOLUTE
    stm32f4xx_hal_gpio.c                     0x00000000   Number         0  stm32f4xx_hal_gpio.o ABSOLUTE
    stm32f4xx_hal_i2c.c                      0x00000000   Number         0  stm32f4xx_hal_i2c.o ABSOLUTE
    stm32f4xx_hal_i2c_ex.c                   0x00000000   Number         0  stm32f4xx_hal_i2c_ex.o ABSOLUTE
    stm32f4xx_hal_msp.c                      0x00000000   Number         0  stm32f4xx_hal_msp.o ABSOLUTE
    stm32f4xx_hal_pwr.c                      0x00000000   Number         0  stm32f4xx_hal_pwr.o ABSOLUTE
    stm32f4xx_hal_pwr_ex.c                   0x00000000   Number         0  stm32f4xx_hal_pwr_ex.o ABSOLUTE
    stm32f4xx_hal_rcc.c                      0x00000000   Number         0  stm32f4xx_hal_rcc.o ABSOLUTE
    stm32f4xx_hal_rcc_ex.c                   0x00000000   Number         0  stm32f4xx_hal_rcc_ex.o ABSOLUTE
    stm32f4xx_hal_rtc.c                      0x00000000   Number         0  stm32f4xx_hal_rtc.o ABSOLUTE
    stm32f4xx_hal_rtc_ex.c                   0x00000000   Number         0  stm32f4xx_hal_rtc_ex.o ABSOLUTE
    stm32f4xx_hal_tim.c                      0x00000000   Number         0  stm32f4xx_hal_tim.o ABSOLUTE
    stm32f4xx_hal_tim_ex.c                   0x00000000   Number         0  stm32f4xx_hal_tim_ex.o ABSOLUTE
    stm32f4xx_hal_uart.c                     0x00000000   Number         0  stm32f4xx_hal_uart.o ABSOLUTE
    stm32f4xx_it.c                           0x00000000   Number         0  stm32f4xx_it.o ABSOLUTE
    system_stm32f4xx.c                       0x00000000   Number         0  system_stm32f4xx.o ABSOLUTE
    tim.c                                    0x00000000   Number         0  tim.o ABSOLUTE
    tim_it.c                                 0x00000000   Number         0  tim_it.o ABSOLUTE
    usart.c                                  0x00000000   Number         0  usart.o ABSOLUTE
    RESET                                    0x08000000   Section      404  startup_stm32f401xc.o(RESET)
    !!!main                                  0x08000194   Section        8  __main.o(!!!main)
    !!!scatter                               0x0800019c   Section       92  __scatter.o(!!!scatter)
    !!handler_copy                           0x080001f8   Section       26  __scatter_copy.o(!!handler_copy)
    !!handler_null                           0x08000214   Section        2  __scatter.o(!!handler_null)
    !!handler_zi                             0x08000218   Section       28  __scatter_zi.o(!!handler_zi)
    .ARM.Collect$$libinit$$00000000          0x08000234   Section        2  libinit.o(.ARM.Collect$$libinit$$00000000)
    .ARM.Collect$$libinit$$00000001          0x08000236   Section        4  libinit2.o(.ARM.Collect$$libinit$$00000001)
    .ARM.Collect$$libinit$$00000004          0x0800023a   Section        0  libinit2.o(.ARM.Collect$$libinit$$00000004)
    .ARM.Collect$$libinit$$00000006          0x0800023a   Section        0  libinit2.o(.ARM.Collect$$libinit$$00000006)
    .ARM.Collect$$libinit$$0000000C          0x0800023a   Section        0  libinit2.o(.ARM.Collect$$libinit$$0000000C)
    .ARM.Collect$$libinit$$0000000E          0x0800023a   Section        0  libinit2.o(.ARM.Collect$$libinit$$0000000E)
    .ARM.Collect$$libinit$$00000010          0x0800023a   Section        0  libinit2.o(.ARM.Collect$$libinit$$00000010)
    .ARM.Collect$$libinit$$00000013          0x0800023a   Section        0  libinit2.o(.ARM.Collect$$libinit$$00000013)
    .ARM.Collect$$libinit$$00000015          0x0800023a   Section        0  libinit2.o(.ARM.Collect$$libinit$$00000015)
    .ARM.Collect$$libinit$$00000017          0x0800023a   Section        0  libinit2.o(.ARM.Collect$$libinit$$00000017)
    .ARM.Collect$$libinit$$00000019          0x0800023a   Section        0  libinit2.o(.ARM.Collect$$libinit$$00000019)
    .ARM.Collect$$libinit$$0000001B          0x0800023a   Section        0  libinit2.o(.ARM.Collect$$libinit$$0000001B)
    .ARM.Collect$$libinit$$0000001D          0x0800023a   Section        0  libinit2.o(.ARM.Collect$$libinit$$0000001D)
    .ARM.Collect$$libinit$$0000001F          0x0800023a   Section        0  libinit2.o(.ARM.Collect$$libinit$$0000001F)
    .ARM.Collect$$libinit$$00000021          0x0800023a   Section        0  libinit2.o(.ARM.Collect$$libinit$$00000021)
    .ARM.Collect$$libinit$$00000023          0x0800023a   Section        0  libinit2.o(.ARM.Collect$$libinit$$00000023)
    .ARM.Collect$$libinit$$00000025          0x0800023a   Section        0  libinit2.o(.ARM.Collect$$libinit$$00000025)
    .ARM.Collect$$libinit$$00000027          0x0800023a   Section        0  libinit2.o(.ARM.Collect$$libinit$$00000027)
    .ARM.Collect$$libinit$$0000002E          0x0800023a   Section        0  libinit2.o(.ARM.Collect$$libinit$$0000002E)
    .ARM.Collect$$libinit$$00000030          0x0800023a   Section        0  libinit2.o(.ARM.Collect$$libinit$$00000030)
    .ARM.Collect$$libinit$$00000032          0x0800023a   Section        0  libinit2.o(.ARM.Collect$$libinit$$00000032)
    .ARM.Collect$$libinit$$00000034          0x0800023a   Section        0  libinit2.o(.ARM.Collect$$libinit$$00000034)
    .ARM.Collect$$libinit$$00000035          0x0800023a   Section        2  libinit2.o(.ARM.Collect$$libinit$$00000035)
    .ARM.Collect$$libshutdown$$00000000      0x0800023c   Section        2  libshutdown.o(.ARM.Collect$$libshutdown$$00000000)
    .ARM.Collect$$libshutdown$$00000002      0x0800023e   Section        0  libshutdown2.o(.ARM.Collect$$libshutdown$$00000002)
    .ARM.Collect$$libshutdown$$00000004      0x0800023e   Section        0  libshutdown2.o(.ARM.Collect$$libshutdown$$00000004)
    .ARM.Collect$$libshutdown$$00000007      0x0800023e   Section        0  libshutdown2.o(.ARM.Collect$$libshutdown$$00000007)
    .ARM.Collect$$libshutdown$$0000000A      0x0800023e   Section        0  libshutdown2.o(.ARM.Collect$$libshutdown$$0000000A)
    .ARM.Collect$$libshutdown$$0000000C      0x0800023e   Section        0  libshutdown2.o(.ARM.Collect$$libshutdown$$0000000C)
    .ARM.Collect$$libshutdown$$0000000F      0x0800023e   Section        0  libshutdown2.o(.ARM.Collect$$libshutdown$$0000000F)
    .ARM.Collect$$libshutdown$$00000010      0x0800023e   Section        2  libshutdown2.o(.ARM.Collect$$libshutdown$$00000010)
    .ARM.Collect$$rtentry$$00000000          0x08000240   Section        0  __rtentry.o(.ARM.Collect$$rtentry$$00000000)
    .ARM.Collect$$rtentry$$00000002          0x08000240   Section        0  __rtentry2.o(.ARM.Collect$$rtentry$$00000002)
    .ARM.Collect$$rtentry$$00000004          0x08000240   Section        6  __rtentry4.o(.ARM.Collect$$rtentry$$00000004)
    .ARM.Collect$$rtentry$$00000009          0x08000246   Section        0  __rtentry2.o(.ARM.Collect$$rtentry$$00000009)
    .ARM.Collect$$rtentry$$0000000A          0x08000246   Section        4  __rtentry2.o(.ARM.Collect$$rtentry$$0000000A)
    .ARM.Collect$$rtentry$$0000000C          0x0800024a   Section        0  __rtentry2.o(.ARM.Collect$$rtentry$$0000000C)
    .ARM.Collect$$rtentry$$0000000D          0x0800024a   Section        8  __rtentry2.o(.ARM.Collect$$rtentry$$0000000D)
    .ARM.Collect$$rtexit$$00000000           0x08000252   Section        2  rtexit.o(.ARM.Collect$$rtexit$$00000000)
    .ARM.Collect$$rtexit$$00000002           0x08000254   Section        0  rtexit2.o(.ARM.Collect$$rtexit$$00000002)
    .ARM.Collect$$rtexit$$00000003           0x08000254   Section        4  rtexit2.o(.ARM.Collect$$rtexit$$00000003)
    .ARM.Collect$$rtexit$$00000004           0x08000258   Section        6  rtexit2.o(.ARM.Collect$$rtexit$$00000004)
    $v0                                      0x08000260   Number         0  startup_stm32f401xc.o(.text)
    .text                                    0x08000260   Section       64  startup_stm32f401xc.o(.text)
    .text                                    0x080002a0   Section      240  lludivv7m.o(.text)
    .text                                    0x08000390   Section       78  rt_memclr_w.o(.text)
    .text                                    0x080003de   Section        0  heapauxi.o(.text)
    .text                                    0x080003e4   Section        0  _rserrno.o(.text)
    .text                                    0x080003fc   Section        8  rt_errno_addr_intlibspace.o(.text)
    .text                                    0x08000404   Section        8  libspace.o(.text)
    .text                                    0x0800040c   Section       74  sys_stackheap_outer.o(.text)
    .text                                    0x08000456   Section        0  exit.o(.text)
    .text                                    0x08000468   Section        0  sys_exit.o(.text)
    .text                                    0x08000474   Section        2  use_no_semi.o(.text)
    .text                                    0x08000476   Section        0  indicate_semi.o(.text)
    ADC_Init                                 0x08000479   Thumb Code   394  stm32f4xx_hal_adc.o(.text.ADC_Init)
    [Anonymous Symbol]                       0x08000478   Section        0  stm32f4xx_hal_adc.o(.text.ADC_Init)
    [Anonymous Symbol]                       0x08000604   Section        0  ax_ps2.o(.text.AX_PS2_Init)
    [Anonymous Symbol]                       0x08000638   Section        0  ax_ps2.o(.text.AX_PS2_ScanKey)
    [Anonymous Symbol]                       0x080006dc   Section        0  init.o(.text.All_init)
    [Anonymous Symbol]                       0x08000750   Section        0  stm32f4xx_it.o(.text.BusFault_Handler)
    [Anonymous Symbol]                       0x08000754   Section        0  stm32f4xx_it.o(.text.DebugMon_Handler)
    [Anonymous Symbol]                       0x08000758   Section        0  main.o(.text.Error_Handler)
    [Anonymous Symbol]                       0x08000764   Section        0  stm32f4xx_hal_adc.o(.text.HAL_ADC_ConfigChannel)
    [Anonymous Symbol]                       0x0800097c   Section        0  stm32f4xx_hal_adc.o(.text.HAL_ADC_Init)
    [Anonymous Symbol]                       0x08000a24   Section        0  adc.o(.text.HAL_ADC_MspInit)
    [Anonymous Symbol]                       0x08000aac   Section        0  stm32f4xx_hal_gpio.o(.text.HAL_GPIO_Init)
    [Anonymous Symbol]                       0x08000e10   Section        0  stm32f4xx_hal_gpio.o(.text.HAL_GPIO_ReadPin)
    [Anonymous Symbol]                       0x08000e40   Section        0  stm32f4xx_hal_gpio.o(.text.HAL_GPIO_WritePin)
    [Anonymous Symbol]                       0x08000e70   Section        0  stm32f4xx_hal.o(.text.HAL_GetTick)
    [Anonymous Symbol]                       0x08000e7c   Section        0  stm32f4xx_hal_i2c.o(.text.HAL_I2C_Init)
    [Anonymous Symbol]                       0x08001120   Section        0  i2c.o(.text.HAL_I2C_MspInit)
    [Anonymous Symbol]                       0x080011b0   Section        0  stm32f4xx_hal.o(.text.HAL_IncTick)
    [Anonymous Symbol]                       0x080011cc   Section        0  stm32f4xx_hal.o(.text.HAL_Init)
    [Anonymous Symbol]                       0x08001204   Section        0  stm32f4xx_hal.o(.text.HAL_InitTick)
    [Anonymous Symbol]                       0x08001274   Section        0  stm32f4xx_hal_msp.o(.text.HAL_MspInit)
    [Anonymous Symbol]                       0x080012c0   Section        0  stm32f4xx_hal_cortex.o(.text.HAL_NVIC_EnableIRQ)
    [Anonymous Symbol]                       0x080012d4   Section        0  stm32f4xx_hal_cortex.o(.text.HAL_NVIC_SetPriority)
    [Anonymous Symbol]                       0x08001308   Section        0  stm32f4xx_hal_cortex.o(.text.HAL_NVIC_SetPriorityGrouping)
    [Anonymous Symbol]                       0x08001318   Section        0  stm32f4xx_hal_rcc_ex.o(.text.HAL_RCCEx_PeriphCLKConfig)
    [Anonymous Symbol]                       0x0800156c   Section        0  stm32f4xx_hal_rcc.o(.text.HAL_RCC_ClockConfig)
    [Anonymous Symbol]                       0x080017d0   Section        0  stm32f4xx_hal_rcc.o(.text.HAL_RCC_GetHCLKFreq)
    [Anonymous Symbol]                       0x080017dc   Section        0  stm32f4xx_hal_rcc.o(.text.HAL_RCC_GetPCLK1Freq)
    [Anonymous Symbol]                       0x08001800   Section        0  stm32f4xx_hal_rcc.o(.text.HAL_RCC_GetPCLK2Freq)
    [Anonymous Symbol]                       0x08001824   Section        0  stm32f4xx_hal_rcc.o(.text.HAL_RCC_GetSysClockFreq)
    [Anonymous Symbol]                       0x0800190c   Section        0  stm32f4xx_hal_rcc.o(.text.HAL_RCC_OscConfig)
    [Anonymous Symbol]                       0x08001fcc   Section        0  stm32f4xx_hal_rtc.o(.text.HAL_RTC_Init)
    [Anonymous Symbol]                       0x080020d8   Section        0  rtc.o(.text.HAL_RTC_MspInit)
    [Anonymous Symbol]                       0x08002128   Section        0  stm32f4xx_hal_rtc.o(.text.HAL_RTC_SetDate)
    [Anonymous Symbol]                       0x08002250   Section        0  stm32f4xx_hal_rtc.o(.text.HAL_RTC_SetTime)
    [Anonymous Symbol]                       0x080023a8   Section        0  stm32f4xx_hal_rtc.o(.text.HAL_RTC_WaitForSynchro)
    [Anonymous Symbol]                       0x08002400   Section        0  stm32f4xx_hal_cortex.o(.text.HAL_SYSTICK_Config)
    [Anonymous Symbol]                       0x08002410   Section        0  stm32f4xx_hal_tim_ex.o(.text.HAL_TIMEx_BreakCallback)
    [Anonymous Symbol]                       0x08002418   Section        0  stm32f4xx_hal_tim_ex.o(.text.HAL_TIMEx_CommutCallback)
    [Anonymous Symbol]                       0x08002420   Section        0  stm32f4xx_hal_tim_ex.o(.text.HAL_TIMEx_MasterConfigSynchronization)
    [Anonymous Symbol]                       0x08002520   Section        0  stm32f4xx_hal_tim.o(.text.HAL_TIM_Base_Init)
    [Anonymous Symbol]                       0x080025bc   Section        0  tim.o(.text.HAL_TIM_Base_MspInit)
    [Anonymous Symbol]                       0x08002690   Section        0  stm32f4xx_hal_tim.o(.text.HAL_TIM_Base_Start_IT)
    [Anonymous Symbol]                       0x08002764   Section        0  stm32f4xx_hal_tim.o(.text.HAL_TIM_ConfigClockSource)
    [Anonymous Symbol]                       0x080028e8   Section        0  stm32f4xx_hal_tim.o(.text.HAL_TIM_IC_CaptureCallback)
    [Anonymous Symbol]                       0x080028f0   Section        0  stm32f4xx_hal_tim.o(.text.HAL_TIM_IRQHandler)
    [Anonymous Symbol]                       0x08002b0c   Section        0  tim.o(.text.HAL_TIM_MspPostInit)
    [Anonymous Symbol]                       0x08002bc8   Section        0  stm32f4xx_hal_tim.o(.text.HAL_TIM_OC_DelayElapsedCallback)
    [Anonymous Symbol]                       0x08002bd0   Section        0  stm32f4xx_hal_tim.o(.text.HAL_TIM_PWM_ConfigChannel)
    [Anonymous Symbol]                       0x08002d14   Section        0  stm32f4xx_hal_tim.o(.text.HAL_TIM_PWM_Init)
    [Anonymous Symbol]                       0x08002db0   Section        0  tim.o(.text.HAL_TIM_PWM_MspInit)
    [Anonymous Symbol]                       0x08002e20   Section        0  stm32f4xx_hal_tim.o(.text.HAL_TIM_PWM_PulseFinishedCallback)
    [Anonymous Symbol]                       0x08002e28   Section        0  stm32f4xx_hal_tim.o(.text.HAL_TIM_PWM_Start)
    [Anonymous Symbol]                       0x08002fa8   Section        0  tim_it.o(.text.HAL_TIM_PeriodElapsedCallback)
    [Anonymous Symbol]                       0x08002fd4   Section        0  stm32f4xx_hal_tim.o(.text.HAL_TIM_TriggerCallback)
    [Anonymous Symbol]                       0x08002fdc   Section        0  stm32f4xx_hal_uart.o(.text.HAL_UART_Init)
    [Anonymous Symbol]                       0x0800307c   Section        0  usart.o(.text.HAL_UART_MspInit)
    [Anonymous Symbol]                       0x0800310c   Section        0  stm32f4xx_it.o(.text.HardFault_Handler)
    [Anonymous Symbol]                       0x08003110   Section        0  adc.o(.text.MX_ADC1_Init)
    [Anonymous Symbol]                       0x08003190   Section        0  gpio.o(.text.MX_GPIO_Init)
    [Anonymous Symbol]                       0x080032ac   Section        0  i2c.o(.text.MX_I2C1_Init)
    [Anonymous Symbol]                       0x080032f4   Section        0  rtc.o(.text.MX_RTC_Init)
    [Anonymous Symbol]                       0x08003398   Section        0  tim.o(.text.MX_TIM1_Init)
    [Anonymous Symbol]                       0x08003424   Section        0  tim.o(.text.MX_TIM2_Init)
    [Anonymous Symbol]                       0x08003510   Section        0  tim.o(.text.MX_TIM3_Init)
    [Anonymous Symbol]                       0x08003600   Section        0  tim.o(.text.MX_TIM4_Init)
    [Anonymous Symbol]                       0x08003688   Section        0  tim.o(.text.MX_TIM5_Init)
    [Anonymous Symbol]                       0x08003710   Section        0  usart.o(.text.MX_USART1_UART_Init)
    [Anonymous Symbol]                       0x08003750   Section        0  stm32f4xx_it.o(.text.MemManage_Handler)
    [Anonymous Symbol]                       0x08003754   Section        0  stm32f4xx_it.o(.text.NMI_Handler)
    NVIC_EncodePriority                      0x08003759   Thumb Code   108  stm32f4xx_hal_cortex.o(.text.NVIC_EncodePriority)
    [Anonymous Symbol]                       0x08003758   Section        0  stm32f4xx_hal_cortex.o(.text.NVIC_EncodePriority)
    PS2_ReadWriteData                        0x080037c5   Thumb Code   178  ax_ps2.o(.text.PS2_ReadWriteData)
    [Anonymous Symbol]                       0x080037c4   Section        0  ax_ps2.o(.text.PS2_ReadWriteData)
    [Anonymous Symbol]                       0x08003878   Section        0  stm32f4xx_it.o(.text.PendSV_Handler)
    [Anonymous Symbol]                       0x0800387c   Section        0  stm32f4xx_hal_rtc.o(.text.RTC_ByteToBcd2)
    [Anonymous Symbol]                       0x080038b8   Section        0  stm32f4xx_hal_rtc.o(.text.RTC_EnterInitMode)
    [Anonymous Symbol]                       0x0800393c   Section        0  stm32f4xx_hal_rtc.o(.text.RTC_ExitInitMode)
    [Anonymous Symbol]                       0x08003984   Section        0  stm32f4xx_it.o(.text.SVC_Handler)
    [Anonymous Symbol]                       0x08003988   Section        0  dog_control.o(.text.Stand)
    SysTick_Config                           0x080039ed   Thumb Code    82  stm32f4xx_hal_cortex.o(.text.SysTick_Config)
    [Anonymous Symbol]                       0x080039ec   Section        0  stm32f4xx_hal_cortex.o(.text.SysTick_Config)
    [Anonymous Symbol]                       0x08003a40   Section        0  stm32f4xx_it.o(.text.SysTick_Handler)
    [Anonymous Symbol]                       0x08003a48   Section        0  main.o(.text.SystemClock_Config)
    [Anonymous Symbol]                       0x08003b04   Section        0  system_stm32f4xx.o(.text.SystemInit)
    [Anonymous Symbol]                       0x08003b18   Section        0  stm32f4xx_it.o(.text.TIM1_UP_TIM10_IRQHandler)
    [Anonymous Symbol]                       0x08003b28   Section        0  stm32f4xx_it.o(.text.TIM5_IRQHandler)
    [Anonymous Symbol]                       0x08003b38   Section        0  stm32f4xx_hal_tim.o(.text.TIM_Base_SetConfig)
    [Anonymous Symbol]                       0x08003c7c   Section        0  stm32f4xx_hal_tim.o(.text.TIM_CCxChannelCmd)
    [Anonymous Symbol]                       0x08003cb4   Section        0  stm32f4xx_hal_tim.o(.text.TIM_ETR_SetConfig)
    TIM_ITRx_SetConfig                       0x08003ce9   Thumb Code    42  stm32f4xx_hal_tim.o(.text.TIM_ITRx_SetConfig)
    [Anonymous Symbol]                       0x08003ce8   Section        0  stm32f4xx_hal_tim.o(.text.TIM_ITRx_SetConfig)
    TIM_OC1_SetConfig                        0x08003d15   Thumb Code   202  stm32f4xx_hal_tim.o(.text.TIM_OC1_SetConfig)
    [Anonymous Symbol]                       0x08003d14   Section        0  stm32f4xx_hal_tim.o(.text.TIM_OC1_SetConfig)
    [Anonymous Symbol]                       0x08003de0   Section        0  stm32f4xx_hal_tim.o(.text.TIM_OC2_SetConfig)
    TIM_OC3_SetConfig                        0x08003eb5   Thumb Code   210  stm32f4xx_hal_tim.o(.text.TIM_OC3_SetConfig)
    [Anonymous Symbol]                       0x08003eb4   Section        0  stm32f4xx_hal_tim.o(.text.TIM_OC3_SetConfig)
    TIM_OC4_SetConfig                        0x08003f89   Thumb Code   148  stm32f4xx_hal_tim.o(.text.TIM_OC4_SetConfig)
    [Anonymous Symbol]                       0x08003f88   Section        0  stm32f4xx_hal_tim.o(.text.TIM_OC4_SetConfig)
    TIM_TI1_ConfigInputStage                 0x0800401d   Thumb Code    80  stm32f4xx_hal_tim.o(.text.TIM_TI1_ConfigInputStage)
    [Anonymous Symbol]                       0x0800401c   Section        0  stm32f4xx_hal_tim.o(.text.TIM_TI1_ConfigInputStage)
    TIM_TI2_ConfigInputStage                 0x0800406d   Thumb Code    82  stm32f4xx_hal_tim.o(.text.TIM_TI2_ConfigInputStage)
    [Anonymous Symbol]                       0x0800406c   Section        0  stm32f4xx_hal_tim.o(.text.TIM_TI2_ConfigInputStage)
    [Anonymous Symbol]                       0x080040c0   Section        0  dog_control.o(.text.Trot)
    UART_SetConfig                           0x08004379   Thumb Code   314  stm32f4xx_hal_uart.o(.text.UART_SetConfig)
    [Anonymous Symbol]                       0x08004378   Section        0  stm32f4xx_hal_uart.o(.text.UART_SetConfig)
    [Anonymous Symbol]                       0x080044b4   Section        0  stm32f4xx_it.o(.text.UsageFault_Handler)
    __NVIC_EnableIRQ                         0x080044b9   Thumb Code    48  stm32f4xx_hal_cortex.o(.text.__NVIC_EnableIRQ)
    [Anonymous Symbol]                       0x080044b8   Section        0  stm32f4xx_hal_cortex.o(.text.__NVIC_EnableIRQ)
    __NVIC_GetPriorityGrouping               0x080044e9   Thumb Code    16  stm32f4xx_hal_cortex.o(.text.__NVIC_GetPriorityGrouping)
    [Anonymous Symbol]                       0x080044e8   Section        0  stm32f4xx_hal_cortex.o(.text.__NVIC_GetPriorityGrouping)
    __NVIC_SetPriority                       0x080044f9   Thumb Code    66  stm32f4xx_hal_cortex.o(.text.__NVIC_SetPriority)
    [Anonymous Symbol]                       0x080044f8   Section        0  stm32f4xx_hal_cortex.o(.text.__NVIC_SetPriority)
    __NVIC_SetPriorityGrouping               0x0800453d   Thumb Code    60  stm32f4xx_hal_cortex.o(.text.__NVIC_SetPriorityGrouping)
    [Anonymous Symbol]                       0x0800453c   Section        0  stm32f4xx_hal_cortex.o(.text.__NVIC_SetPriorityGrouping)
    clampf                                   0x08004579   Thumb Code    80  leg_ik.o(.text.clampf)
    [Anonymous Symbol]                       0x08004578   Section        0  leg_ik.o(.text.clampf)
    [Anonymous Symbol]                       0x080045c8   Section        0  main.o(.text.delay_ms)
    [Anonymous Symbol]                       0x08004604   Section        0  delay.o(.text.delay_us)
    leg_execute                              0x080046b5   Thumb Code   182  dog_control.o(.text.leg_execute)
    [Anonymous Symbol]                       0x080046b4   Section        0  dog_control.o(.text.leg_execute)
    [Anonymous Symbol]                       0x0800476c   Section        0  leg_ik.o(.text.leg_ik)
    leg_ik_execute                           0x08004965   Thumb Code    56  dog_control.o(.text.leg_ik_execute)
    [Anonymous Symbol]                       0x08004964   Section        0  dog_control.o(.text.leg_ik_execute)
    [Anonymous Symbol]                       0x0800499c   Section        0  main.o(.text.main)
    [Anonymous Symbol]                       0x08004a34   Section        0  server_drive.o(.text.set_left_back_h_angle)
    [Anonymous Symbol]                       0x08004a88   Section        0  server_drive.o(.text.set_left_back_l_angle)
    [Anonymous Symbol]                       0x08004adc   Section        0  server_drive.o(.text.set_left_front_h_angle)
    [Anonymous Symbol]                       0x08004b30   Section        0  server_drive.o(.text.set_left_front_l_angle)
    [Anonymous Symbol]                       0x08004b84   Section        0  server_drive.o(.text.set_right_back_h_angle)
    [Anonymous Symbol]                       0x08004bd8   Section        0  server_drive.o(.text.set_right_back_l_angle)
    [Anonymous Symbol]                       0x08004c2c   Section        0  server_drive.o(.text.set_right_front_h_angle)
    [Anonymous Symbol]                       0x08004c80   Section        0  server_drive.o(.text.set_right_front_l_angle)
    i.__ARM_fpclassifyf                      0x08004cd2   Section        0  fpclassifyf.o(i.__ARM_fpclassifyf)
    i.__hardfp_acosf                         0x08004cf8   Section        0  acosf.o(i.__hardfp_acosf)
    i.__hardfp_atanf                         0x08004e10   Section        0  atanf.o(i.__hardfp_atanf)
    i.__hardfp_sinf                          0x08004f70   Section        0  sinf.o(i.__hardfp_sinf)
    i.__hardfp_sqrtf                         0x08005100   Section        0  sqrtf.o(i.__hardfp_sqrtf)
    i.__mathlib_flt_infnan                   0x0800513a   Section        0  funder.o(i.__mathlib_flt_infnan)
    i.__mathlib_flt_invalid                  0x08005140   Section        0  funder.o(i.__mathlib_flt_invalid)
    i.__mathlib_flt_underflow                0x08005150   Section        0  funder.o(i.__mathlib_flt_underflow)
    i.__mathlib_rredf2                       0x08005160   Section        0  rredf.o(i.__mathlib_rredf2)
    i.sqrtf                                  0x080052b4   Section        0  sqrtf.o(i.sqrtf)
    $v0                                      0x080052f2   Number         0  fpinit.o(x$fpl$fpinit)
    x$fpl$fpinit                             0x080052f2   Section       26  fpinit.o(x$fpl$fpinit)
    twooverpi                                0x0800530c   Data          32  rredf.o(.constdata)
    .constdata                               0x0800530c   Section       32  rredf.o(.constdata)
    x$fpl$usenofp                            0x0800530c   Section        0  usenofp.o(x$fpl$usenofp)
    .bss                                     0x20000020   Section       96  libspace.o(.bss)
    PS2_data                                 0x20000087   Data           9  ax_ps2.o(.bss.PS2_data)
    [Anonymous Symbol]                       0x20000087   Section        0  ax_ps2.o(.bss.PS2_data)
    leg_ik.angle                             0x200002fc   Data           8  leg_ik.o(.bss.leg_ik.angle)
    [Anonymous Symbol]                       0x200002fc   Section        0  leg_ik.o(.bss.leg_ik.angle)
    Heap_Mem                                 0x20000308   Data         512  startup_stm32f401xc.o(HEAP)
    HEAP                                     0x20000308   Section      512  startup_stm32f401xc.o(HEAP)
    Stack_Mem                                0x20000508   Data        1024  startup_stm32f401xc.o(STACK)
    STACK                                    0x20000508   Section     1024  startup_stm32f401xc.o(STACK)
    __initial_sp                             0x20000908   Data           0  startup_stm32f401xc.o(STACK)

    Global Symbols

    Symbol Name                              Value     Ov Type        Size  Object(Section)

    BuildAttributes$$THM_ISAv4$E$P$D$K$B$S$7EM$VFPi3$EXTD16$VFPS$VFMA$PE$A:L22UL41UL21$X:L11$S22US41US21$IEEE1$IW$~IW$USESV6$~STKCKD$USESV7$~SHL$OTIME$ROPI$IEEEX$EBA8$UX$STANDARDLIB$REQ8$PRES8$EABIv2 0x00000000   Number         0  anon$$obj.o ABSOLUTE
    __ARM_exceptions_init                     - Undefined Weak Reference
    __alloca_initialize                       - Undefined Weak Reference
    __arm_preinit_                            - Undefined Weak Reference
    __arm_relocate_pie_                       - Undefined Weak Reference
    __cpp_initialize__aeabi_                  - Undefined Weak Reference
    __cxa_finalize                            - Undefined Weak Reference
    __rt_locale                               - Undefined Weak Reference
    __sigvec_lookup                           - Undefined Weak Reference
    _atexit_init                              - Undefined Weak Reference
    _call_atexit_fns                          - Undefined Weak Reference
    _clock_init                               - Undefined Weak Reference
    _fp_trap_init                             - Undefined Weak Reference
    _fp_trap_shutdown                         - Undefined Weak Reference
    _get_lc_collate                           - Undefined Weak Reference
    _get_lc_ctype                             - Undefined Weak Reference
    _get_lc_monetary                          - Undefined Weak Reference
    _get_lc_numeric                           - Undefined Weak Reference
    _get_lc_time                              - Undefined Weak Reference
    _getenv_init                              - Undefined Weak Reference
    _handle_redirection                       - Undefined Weak Reference
    _init_alloc                               - Undefined Weak Reference
    _init_user_alloc                          - Undefined Weak Reference
    _initio                                   - Undefined Weak Reference
    _rand_init                                - Undefined Weak Reference
    _signal_finish                            - Undefined Weak Reference
    _signal_init                              - Undefined Weak Reference
    _terminate_alloc                          - Undefined Weak Reference
    _terminate_user_alloc                     - Undefined Weak Reference
    _terminateio                              - Undefined Weak Reference
    __Vectors_Size                           0x00000194   Number         0  startup_stm32f401xc.o ABSOLUTE
    __Vectors                                0x08000000   Data           4  startup_stm32f401xc.o(RESET)
    __Vectors_End                            0x08000194   Data           0  startup_stm32f401xc.o(RESET)
    __main                                   0x08000195   Thumb Code     8  __main.o(!!!main)
    __scatterload                            0x0800019d   Thumb Code     0  __scatter.o(!!!scatter)
    __scatterload_rt2                        0x0800019d   Thumb Code    84  __scatter.o(!!!scatter)
    __scatterload_rt2_thumb_only             0x0800019d   Thumb Code     0  __scatter.o(!!!scatter)
    __scatterload_loop                       0x080001a7   Thumb Code     0  __scatter.o(!!!scatter)
    __scatterload_copy                       0x080001f9   Thumb Code    26  __scatter_copy.o(!!handler_copy)
    __scatterload_null                       0x08000215   Thumb Code     2  __scatter.o(!!handler_null)
    __scatterload_zeroinit                   0x08000219   Thumb Code    28  __scatter_zi.o(!!handler_zi)
    __rt_lib_init                            0x08000235   Thumb Code     0  libinit.o(.ARM.Collect$$libinit$$00000000)
    __rt_lib_init_fp_1                       0x08000237   Thumb Code     0  libinit2.o(.ARM.Collect$$libinit$$00000001)
    __rt_lib_init_alloca_1                   0x0800023b   Thumb Code     0  libinit2.o(.ARM.Collect$$libinit$$00000030)
    __rt_lib_init_argv_1                     0x0800023b   Thumb Code     0  libinit2.o(.ARM.Collect$$libinit$$0000002E)
    __rt_lib_init_atexit_1                   0x0800023b   Thumb Code     0  libinit2.o(.ARM.Collect$$libinit$$0000001D)
    __rt_lib_init_clock_1                    0x0800023b   Thumb Code     0  libinit2.o(.ARM.Collect$$libinit$$00000023)
    __rt_lib_init_cpp_1                      0x0800023b   Thumb Code     0  libinit2.o(.ARM.Collect$$libinit$$00000034)
    __rt_lib_init_exceptions_1               0x0800023b   Thumb Code     0  libinit2.o(.ARM.Collect$$libinit$$00000032)
    __rt_lib_init_fp_trap_1                  0x0800023b   Thumb Code     0  libinit2.o(.ARM.Collect$$libinit$$00000021)
    __rt_lib_init_getenv_1                   0x0800023b   Thumb Code     0  libinit2.o(.ARM.Collect$$libinit$$00000025)
    __rt_lib_init_heap_1                     0x0800023b   Thumb Code     0  libinit2.o(.ARM.Collect$$libinit$$0000000C)
    __rt_lib_init_lc_collate_1               0x0800023b   Thumb Code     0  libinit2.o(.ARM.Collect$$libinit$$00000013)
    __rt_lib_init_lc_ctype_1                 0x0800023b   Thumb Code     0  libinit2.o(.ARM.Collect$$libinit$$00000015)
    __rt_lib_init_lc_monetary_1              0x0800023b   Thumb Code     0  libinit2.o(.ARM.Collect$$libinit$$00000017)
    __rt_lib_init_lc_numeric_1               0x0800023b   Thumb Code     0  libinit2.o(.ARM.Collect$$libinit$$00000019)
    __rt_lib_init_lc_time_1                  0x0800023b   Thumb Code     0  libinit2.o(.ARM.Collect$$libinit$$0000001B)
    __rt_lib_init_preinit_1                  0x0800023b   Thumb Code     0  libinit2.o(.ARM.Collect$$libinit$$00000006)
    __rt_lib_init_rand_1                     0x0800023b   Thumb Code     0  libinit2.o(.ARM.Collect$$libinit$$00000010)
    __rt_lib_init_relocate_pie_1             0x0800023b   Thumb Code     0  libinit2.o(.ARM.Collect$$libinit$$00000004)
    __rt_lib_init_return                     0x0800023b   Thumb Code     0  libinit2.o(.ARM.Collect$$libinit$$00000035)
    __rt_lib_init_signal_1                   0x0800023b   Thumb Code     0  libinit2.o(.ARM.Collect$$libinit$$0000001F)
    __rt_lib_init_stdio_1                    0x0800023b   Thumb Code     0  libinit2.o(.ARM.Collect$$libinit$$00000027)
    __rt_lib_init_user_alloc_1               0x0800023b   Thumb Code     0  libinit2.o(.ARM.Collect$$libinit$$0000000E)
    __rt_lib_shutdown                        0x0800023d   Thumb Code     0  libshutdown.o(.ARM.Collect$$libshutdown$$00000000)
    __rt_lib_shutdown_cpp_1                  0x0800023f   Thumb Code     0  libshutdown2.o(.ARM.Collect$$libshutdown$$00000002)
    __rt_lib_shutdown_fp_trap_1              0x0800023f   Thumb Code     0  libshutdown2.o(.ARM.Collect$$libshutdown$$00000007)
    __rt_lib_shutdown_heap_1                 0x0800023f   Thumb Code     0  libshutdown2.o(.ARM.Collect$$libshutdown$$0000000F)
    __rt_lib_shutdown_return                 0x0800023f   Thumb Code     0  libshutdown2.o(.ARM.Collect$$libshutdown$$00000010)
    __rt_lib_shutdown_signal_1               0x0800023f   Thumb Code     0  libshutdown2.o(.ARM.Collect$$libshutdown$$0000000A)
    __rt_lib_shutdown_stdio_1                0x0800023f   Thumb Code     0  libshutdown2.o(.ARM.Collect$$libshutdown$$00000004)
    __rt_lib_shutdown_user_alloc_1           0x0800023f   Thumb Code     0  libshutdown2.o(.ARM.Collect$$libshutdown$$0000000C)
    __rt_entry                               0x08000241   Thumb Code     0  __rtentry.o(.ARM.Collect$$rtentry$$00000000)
    __rt_entry_presh_1                       0x08000241   Thumb Code     0  __rtentry2.o(.ARM.Collect$$rtentry$$00000002)
    __rt_entry_sh                            0x08000241   Thumb Code     0  __rtentry4.o(.ARM.Collect$$rtentry$$00000004)
    __rt_entry_li                            0x08000247   Thumb Code     0  __rtentry2.o(.ARM.Collect$$rtentry$$0000000A)
    __rt_entry_postsh_1                      0x08000247   Thumb Code     0  __rtentry2.o(.ARM.Collect$$rtentry$$00000009)
    __rt_entry_main                          0x0800024b   Thumb Code     0  __rtentry2.o(.ARM.Collect$$rtentry$$0000000D)
    __rt_entry_postli_1                      0x0800024b   Thumb Code     0  __rtentry2.o(.ARM.Collect$$rtentry$$0000000C)
    __rt_exit                                0x08000253   Thumb Code     0  rtexit.o(.ARM.Collect$$rtexit$$00000000)
    __rt_exit_ls                             0x08000255   Thumb Code     0  rtexit2.o(.ARM.Collect$$rtexit$$00000003)
    __rt_exit_prels_1                        0x08000255   Thumb Code     0  rtexit2.o(.ARM.Collect$$rtexit$$00000002)
    __rt_exit_exit                           0x08000259   Thumb Code     0  rtexit2.o(.ARM.Collect$$rtexit$$00000004)
    Reset_Handler                            0x08000261   Thumb Code     8  startup_stm32f401xc.o(.text)
    ADC_IRQHandler                           0x0800027b   Thumb Code     0  startup_stm32f401xc.o(.text)
    DMA1_Stream0_IRQHandler                  0x0800027b   Thumb Code     0  startup_stm32f401xc.o(.text)
    DMA1_Stream1_IRQHandler                  0x0800027b   Thumb Code     0  startup_stm32f401xc.o(.text)
    DMA1_Stream2_IRQHandler                  0x0800027b   Thumb Code     0  startup_stm32f401xc.o(.text)
    DMA1_Stream3_IRQHandler                  0x0800027b   Thumb Code     0  startup_stm32f401xc.o(.text)
    DMA1_Stream4_IRQHandler                  0x0800027b   Thumb Code     0  startup_stm32f401xc.o(.text)
    DMA1_Stream5_IRQHandler                  0x0800027b   Thumb Code     0  startup_stm32f401xc.o(.text)
    DMA1_Stream6_IRQHandler                  0x0800027b   Thumb Code     0  startup_stm32f401xc.o(.text)
    DMA1_Stream7_IRQHandler                  0x0800027b   Thumb Code     0  startup_stm32f401xc.o(.text)
    DMA2_Stream0_IRQHandler                  0x0800027b   Thumb Code     0  startup_stm32f401xc.o(.text)
    DMA2_Stream1_IRQHandler                  0x0800027b   Thumb Code     0  startup_stm32f401xc.o(.text)
    DMA2_Stream2_IRQHandler                  0x0800027b   Thumb Code     0  startup_stm32f401xc.o(.text)
    DMA2_Stream3_IRQHandler                  0x0800027b   Thumb Code     0  startup_stm32f401xc.o(.text)
    DMA2_Stream4_IRQHandler                  0x0800027b   Thumb Code     0  startup_stm32f401xc.o(.text)
    DMA2_Stream5_IRQHandler                  0x0800027b   Thumb Code     0  startup_stm32f401xc.o(.text)
    DMA2_Stream6_IRQHandler                  0x0800027b   Thumb Code     0  startup_stm32f401xc.o(.text)
    DMA2_Stream7_IRQHandler                  0x0800027b   Thumb Code     0  startup_stm32f401xc.o(.text)
    EXTI0_IRQHandler                         0x0800027b   Thumb Code     0  startup_stm32f401xc.o(.text)
    EXTI15_10_IRQHandler                     0x0800027b   Thumb Code     0  startup_stm32f401xc.o(.text)
    EXTI1_IRQHandler                         0x0800027b   Thumb Code     0  startup_stm32f401xc.o(.text)
    EXTI2_IRQHandler                         0x0800027b   Thumb Code     0  startup_stm32f401xc.o(.text)
    EXTI3_IRQHandler                         0x0800027b   Thumb Code     0  startup_stm32f401xc.o(.text)
    EXTI4_IRQHandler                         0x0800027b   Thumb Code     0  startup_stm32f401xc.o(.text)
    EXTI9_5_IRQHandler                       0x0800027b   Thumb Code     0  startup_stm32f401xc.o(.text)
    FLASH_IRQHandler                         0x0800027b   Thumb Code     0  startup_stm32f401xc.o(.text)
    FPU_IRQHandler                           0x0800027b   Thumb Code     0  startup_stm32f401xc.o(.text)
    I2C1_ER_IRQHandler                       0x0800027b   Thumb Code     0  startup_stm32f401xc.o(.text)
    I2C1_EV_IRQHandler                       0x0800027b   Thumb Code     0  startup_stm32f401xc.o(.text)
    I2C2_ER_IRQHandler                       0x0800027b   Thumb Code     0  startup_stm32f401xc.o(.text)
    I2C2_EV_IRQHandler                       0x0800027b   Thumb Code     0  startup_stm32f401xc.o(.text)
    I2C3_ER_IRQHandler                       0x0800027b   Thumb Code     0  startup_stm32f401xc.o(.text)
    I2C3_EV_IRQHandler                       0x0800027b   Thumb Code     0  startup_stm32f401xc.o(.text)
    OTG_FS_IRQHandler                        0x0800027b   Thumb Code     0  startup_stm32f401xc.o(.text)
    OTG_FS_WKUP_IRQHandler                   0x0800027b   Thumb Code     0  startup_stm32f401xc.o(.text)
    PVD_IRQHandler                           0x0800027b   Thumb Code     0  startup_stm32f401xc.o(.text)
    RCC_IRQHandler                           0x0800027b   Thumb Code     0  startup_stm32f401xc.o(.text)
    RTC_Alarm_IRQHandler                     0x0800027b   Thumb Code     0  startup_stm32f401xc.o(.text)
    RTC_WKUP_IRQHandler                      0x0800027b   Thumb Code     0  startup_stm32f401xc.o(.text)
    SDIO_IRQHandler                          0x0800027b   Thumb Code     0  startup_stm32f401xc.o(.text)
    SPI1_IRQHandler                          0x0800027b   Thumb Code     0  startup_stm32f401xc.o(.text)
    SPI2_IRQHandler                          0x0800027b   Thumb Code     0  startup_stm32f401xc.o(.text)
    SPI3_IRQHandler                          0x0800027b   Thumb Code     0  startup_stm32f401xc.o(.text)
    SPI4_IRQHandler                          0x0800027b   Thumb Code     0  startup_stm32f401xc.o(.text)
    TAMP_STAMP_IRQHandler                    0x0800027b   Thumb Code     0  startup_stm32f401xc.o(.text)
    TIM1_BRK_TIM9_IRQHandler                 0x0800027b   Thumb Code     0  startup_stm32f401xc.o(.text)
    TIM1_CC_IRQHandler                       0x0800027b   Thumb Code     0  startup_stm32f401xc.o(.text)
    TIM1_TRG_COM_TIM11_IRQHandler            0x0800027b   Thumb Code     0  startup_stm32f401xc.o(.text)
    TIM2_IRQHandler                          0x0800027b   Thumb Code     0  startup_stm32f401xc.o(.text)
    TIM3_IRQHandler                          0x0800027b   Thumb Code     0  startup_stm32f401xc.o(.text)
    TIM4_IRQHandler                          0x0800027b   Thumb Code     0  startup_stm32f401xc.o(.text)
    USART1_IRQHandler                        0x0800027b   Thumb Code     0  startup_stm32f401xc.o(.text)
    USART2_IRQHandler                        0x0800027b   Thumb Code     0  startup_stm32f401xc.o(.text)
    USART6_IRQHandler                        0x0800027b   Thumb Code     0  startup_stm32f401xc.o(.text)
    WWDG_IRQHandler                          0x0800027b   Thumb Code     0  startup_stm32f401xc.o(.text)
    __user_initial_stackheap                 0x0800027d   Thumb Code     0  startup_stm32f401xc.o(.text)
    __aeabi_uldivmod                         0x080002a1   Thumb Code     0  lludivv7m.o(.text)
    _ll_udiv                                 0x080002a1   Thumb Code   240  lludivv7m.o(.text)
    __aeabi_memclr4                          0x08000391   Thumb Code     0  rt_memclr_w.o(.text)
    __aeabi_memclr8                          0x08000391   Thumb Code     0  rt_memclr_w.o(.text)
    __rt_memclr_w                            0x08000391   Thumb Code     0  rt_memclr_w.o(.text)
    _memset_w                                0x08000395   Thumb Code    74  rt_memclr_w.o(.text)
    __use_two_region_memory                  0x080003df   Thumb Code     2  heapauxi.o(.text)
    __rt_heap_escrow$2region                 0x080003e1   Thumb Code     2  heapauxi.o(.text)
    __rt_heap_expand$2region                 0x080003e3   Thumb Code     2  heapauxi.o(.text)
    __read_errno                             0x080003e5   Thumb Code    10  _rserrno.o(.text)
    __set_errno                              0x080003ef   Thumb Code    12  _rserrno.o(.text)
    __aeabi_errno_addr                       0x080003fd   Thumb Code     8  rt_errno_addr_intlibspace.o(.text)
    __errno$intlibspace                      0x080003fd   Thumb Code     0  rt_errno_addr_intlibspace.o(.text)
    __rt_errno_addr$intlibspace              0x080003fd   Thumb Code     0  rt_errno_addr_intlibspace.o(.text)
    __user_libspace                          0x08000405   Thumb Code     8  libspace.o(.text)
    __user_perproc_libspace                  0x08000405   Thumb Code     0  libspace.o(.text)
    __user_perthread_libspace                0x08000405   Thumb Code     0  libspace.o(.text)
    __user_setup_stackheap                   0x0800040d   Thumb Code    74  sys_stackheap_outer.o(.text)
    exit                                     0x08000457   Thumb Code    18  exit.o(.text)
    _sys_exit                                0x08000469   Thumb Code     8  sys_exit.o(.text)
    __I$use$semihosting                      0x08000475   Thumb Code     0  use_no_semi.o(.text)
    __use_no_semihosting_swi                 0x08000475   Thumb Code     2  use_no_semi.o(.text)
    __semihosting_library_function           0x08000477   Thumb Code     0  indicate_semi.o(.text)
    AX_PS2_Init                              0x08000605   Thumb Code    52  ax_ps2.o(.text.AX_PS2_Init)
    AX_PS2_ScanKey                           0x08000639   Thumb Code   162  ax_ps2.o(.text.AX_PS2_ScanKey)
    All_init                                 0x080006dd   Thumb Code   116  init.o(.text.All_init)
    BusFault_Handler                         0x08000751   Thumb Code     4  stm32f4xx_it.o(.text.BusFault_Handler)
    DebugMon_Handler                         0x08000755   Thumb Code     2  stm32f4xx_it.o(.text.DebugMon_Handler)
    Error_Handler                            0x08000759   Thumb Code    10  main.o(.text.Error_Handler)
    HAL_ADC_ConfigChannel                    0x08000765   Thumb Code   536  stm32f4xx_hal_adc.o(.text.HAL_ADC_ConfigChannel)
    HAL_ADC_Init                             0x0800097d   Thumb Code   168  stm32f4xx_hal_adc.o(.text.HAL_ADC_Init)
    HAL_ADC_MspInit                          0x08000a25   Thumb Code   134  adc.o(.text.HAL_ADC_MspInit)
    HAL_GPIO_Init                            0x08000aad   Thumb Code   866  stm32f4xx_hal_gpio.o(.text.HAL_GPIO_Init)
    HAL_GPIO_ReadPin                         0x08000e11   Thumb Code    46  stm32f4xx_hal_gpio.o(.text.HAL_GPIO_ReadPin)
    HAL_GPIO_WritePin                        0x08000e41   Thumb Code    46  stm32f4xx_hal_gpio.o(.text.HAL_GPIO_WritePin)
    HAL_GetTick                              0x08000e71   Thumb Code    12  stm32f4xx_hal.o(.text.HAL_GetTick)
    HAL_I2C_Init                             0x08000e7d   Thumb Code   676  stm32f4xx_hal_i2c.o(.text.HAL_I2C_Init)
    HAL_I2C_MspInit                          0x08001121   Thumb Code   144  i2c.o(.text.HAL_I2C_MspInit)
    HAL_IncTick                              0x080011b1   Thumb Code    26  stm32f4xx_hal.o(.text.HAL_IncTick)
    HAL_Init                                 0x080011cd   Thumb Code    54  stm32f4xx_hal.o(.text.HAL_Init)
    HAL_InitTick                             0x08001205   Thumb Code   112  stm32f4xx_hal.o(.text.HAL_InitTick)
    HAL_MspInit                              0x08001275   Thumb Code    74  stm32f4xx_hal_msp.o(.text.HAL_MspInit)
    HAL_NVIC_EnableIRQ                       0x080012c1   Thumb Code    20  stm32f4xx_hal_cortex.o(.text.HAL_NVIC_EnableIRQ)
    HAL_NVIC_SetPriority                     0x080012d5   Thumb Code    50  stm32f4xx_hal_cortex.o(.text.HAL_NVIC_SetPriority)
    HAL_NVIC_SetPriorityGrouping             0x08001309   Thumb Code    16  stm32f4xx_hal_cortex.o(.text.HAL_NVIC_SetPriorityGrouping)
    HAL_RCCEx_PeriphCLKConfig                0x08001319   Thumb Code   596  stm32f4xx_hal_rcc_ex.o(.text.HAL_RCCEx_PeriphCLKConfig)
    HAL_RCC_ClockConfig                      0x0800156d   Thumb Code   610  stm32f4xx_hal_rcc.o(.text.HAL_RCC_ClockConfig)
    HAL_RCC_GetHCLKFreq                      0x080017d1   Thumb Code    12  stm32f4xx_hal_rcc.o(.text.HAL_RCC_GetHCLKFreq)
    HAL_RCC_GetPCLK1Freq                     0x080017dd   Thumb Code    34  stm32f4xx_hal_rcc.o(.text.HAL_RCC_GetPCLK1Freq)
    HAL_RCC_GetPCLK2Freq                     0x08001801   Thumb Code    34  stm32f4xx_hal_rcc.o(.text.HAL_RCC_GetPCLK2Freq)
    HAL_RCC_GetSysClockFreq                  0x08001825   Thumb Code   230  stm32f4xx_hal_rcc.o(.text.HAL_RCC_GetSysClockFreq)
    HAL_RCC_OscConfig                        0x0800190d   Thumb Code  1726  stm32f4xx_hal_rcc.o(.text.HAL_RCC_OscConfig)
    HAL_RTC_Init                             0x08001fcd   Thumb Code   268  stm32f4xx_hal_rtc.o(.text.HAL_RTC_Init)
    HAL_RTC_MspInit                          0x080020d9   Thumb Code    80  rtc.o(.text.HAL_RTC_MspInit)
    HAL_RTC_SetDate                          0x08002129   Thumb Code   294  stm32f4xx_hal_rtc.o(.text.HAL_RTC_SetDate)
    HAL_RTC_SetTime                          0x08002251   Thumb Code   342  stm32f4xx_hal_rtc.o(.text.HAL_RTC_SetTime)
    HAL_RTC_WaitForSynchro                   0x080023a9   Thumb Code    88  stm32f4xx_hal_rtc.o(.text.HAL_RTC_WaitForSynchro)
    HAL_SYSTICK_Config                       0x08002401   Thumb Code    16  stm32f4xx_hal_cortex.o(.text.HAL_SYSTICK_Config)
    HAL_TIMEx_BreakCallback                  0x08002411   Thumb Code     8  stm32f4xx_hal_tim_ex.o(.text.HAL_TIMEx_BreakCallback)
    HAL_TIMEx_CommutCallback                 0x08002419   Thumb Code     8  stm32f4xx_hal_tim_ex.o(.text.HAL_TIMEx_CommutCallback)
    HAL_TIMEx_MasterConfigSynchronization    0x08002421   Thumb Code   254  stm32f4xx_hal_tim_ex.o(.text.HAL_TIMEx_MasterConfigSynchronization)
    HAL_TIM_Base_Init                        0x08002521   Thumb Code   156  stm32f4xx_hal_tim.o(.text.HAL_TIM_Base_Init)
    HAL_TIM_Base_MspInit                     0x080025bd   Thumb Code   210  tim.o(.text.HAL_TIM_Base_MspInit)
    HAL_TIM_Base_Start_IT                    0x08002691   Thumb Code   210  stm32f4xx_hal_tim.o(.text.HAL_TIM_Base_Start_IT)
    HAL_TIM_ConfigClockSource                0x08002765   Thumb Code   388  stm32f4xx_hal_tim.o(.text.HAL_TIM_ConfigClockSource)
    HAL_TIM_IC_CaptureCallback               0x080028e9   Thumb Code     8  stm32f4xx_hal_tim.o(.text.HAL_TIM_IC_CaptureCallback)
    HAL_TIM_IRQHandler                       0x080028f1   Thumb Code   538  stm32f4xx_hal_tim.o(.text.HAL_TIM_IRQHandler)
    HAL_TIM_MspPostInit                      0x08002b0d   Thumb Code   188  tim.o(.text.HAL_TIM_MspPostInit)
    HAL_TIM_OC_DelayElapsedCallback          0x08002bc9   Thumb Code     8  stm32f4xx_hal_tim.o(.text.HAL_TIM_OC_DelayElapsedCallback)
    HAL_TIM_PWM_ConfigChannel                0x08002bd1   Thumb Code   322  stm32f4xx_hal_tim.o(.text.HAL_TIM_PWM_ConfigChannel)
    HAL_TIM_PWM_Init                         0x08002d15   Thumb Code   156  stm32f4xx_hal_tim.o(.text.HAL_TIM_PWM_Init)
    HAL_TIM_PWM_MspInit                      0x08002db1   Thumb Code   112  tim.o(.text.HAL_TIM_PWM_MspInit)
    HAL_TIM_PWM_PulseFinishedCallback        0x08002e21   Thumb Code     8  stm32f4xx_hal_tim.o(.text.HAL_TIM_PWM_PulseFinishedCallback)
    HAL_TIM_PWM_Start                        0x08002e29   Thumb Code   384  stm32f4xx_hal_tim.o(.text.HAL_TIM_PWM_Start)
    HAL_TIM_PeriodElapsedCallback            0x08002fa9   Thumb Code    42  tim_it.o(.text.HAL_TIM_PeriodElapsedCallback)
    HAL_TIM_TriggerCallback                  0x08002fd5   Thumb Code     8  stm32f4xx_hal_tim.o(.text.HAL_TIM_TriggerCallback)
    HAL_UART_Init                            0x08002fdd   Thumb Code   158  stm32f4xx_hal_uart.o(.text.HAL_UART_Init)
    HAL_UART_MspInit                         0x0800307d   Thumb Code   144  usart.o(.text.HAL_UART_MspInit)
    HardFault_Handler                        0x0800310d   Thumb Code     4  stm32f4xx_it.o(.text.HardFault_Handler)
    MX_ADC1_Init                             0x08003111   Thumb Code   128  adc.o(.text.MX_ADC1_Init)
    MX_GPIO_Init                             0x08003191   Thumb Code   282  gpio.o(.text.MX_GPIO_Init)
    MX_I2C1_Init                             0x080032ad   Thumb Code    72  i2c.o(.text.MX_I2C1_Init)
    MX_RTC_Init                              0x080032f5   Thumb Code   162  rtc.o(.text.MX_RTC_Init)
    MX_TIM1_Init                             0x08003399   Thumb Code   138  tim.o(.text.MX_TIM1_Init)
    MX_TIM2_Init                             0x08003425   Thumb Code   234  tim.o(.text.MX_TIM2_Init)
    MX_TIM3_Init                             0x08003511   Thumb Code   238  tim.o(.text.MX_TIM3_Init)
    MX_TIM4_Init                             0x08003601   Thumb Code   134  tim.o(.text.MX_TIM4_Init)
    MX_TIM5_Init                             0x08003689   Thumb Code   136  tim.o(.text.MX_TIM5_Init)
    MX_USART1_UART_Init                      0x08003711   Thumb Code    64  usart.o(.text.MX_USART1_UART_Init)
    MemManage_Handler                        0x08003751   Thumb Code     4  stm32f4xx_it.o(.text.MemManage_Handler)
    NMI_Handler                              0x08003755   Thumb Code     4  stm32f4xx_it.o(.text.NMI_Handler)
    PendSV_Handler                           0x08003879   Thumb Code     2  stm32f4xx_it.o(.text.PendSV_Handler)
    RTC_ByteToBcd2                           0x0800387d   Thumb Code    58  stm32f4xx_hal_rtc.o(.text.RTC_ByteToBcd2)
    RTC_EnterInitMode                        0x080038b9   Thumb Code   130  stm32f4xx_hal_rtc.o(.text.RTC_EnterInitMode)
    RTC_ExitInitMode                         0x0800393d   Thumb Code    72  stm32f4xx_hal_rtc.o(.text.RTC_ExitInitMode)
    SVC_Handler                              0x08003985   Thumb Code     2  stm32f4xx_it.o(.text.SVC_Handler)
    Stand                                    0x08003989   Thumb Code    96  dog_control.o(.text.Stand)
    SysTick_Handler                          0x08003a41   Thumb Code     8  stm32f4xx_it.o(.text.SysTick_Handler)
    SystemClock_Config                       0x08003a49   Thumb Code   188  main.o(.text.SystemClock_Config)
    SystemInit                               0x08003b05   Thumb Code    18  system_stm32f4xx.o(.text.SystemInit)
    TIM1_UP_TIM10_IRQHandler                 0x08003b19   Thumb Code    16  stm32f4xx_it.o(.text.TIM1_UP_TIM10_IRQHandler)
    TIM5_IRQHandler                          0x08003b29   Thumb Code    16  stm32f4xx_it.o(.text.TIM5_IRQHandler)
    TIM_Base_SetConfig                       0x08003b39   Thumb Code   324  stm32f4xx_hal_tim.o(.text.TIM_Base_SetConfig)
    TIM_CCxChannelCmd                        0x08003c7d   Thumb Code    54  stm32f4xx_hal_tim.o(.text.TIM_CCxChannelCmd)
    TIM_ETR_SetConfig                        0x08003cb5   Thumb Code    52  stm32f4xx_hal_tim.o(.text.TIM_ETR_SetConfig)
    TIM_OC2_SetConfig                        0x08003de1   Thumb Code   212  stm32f4xx_hal_tim.o(.text.TIM_OC2_SetConfig)
    Trot                                     0x080040c1   Thumb Code   684  dog_control.o(.text.Trot)
    UsageFault_Handler                       0x080044b5   Thumb Code     4  stm32f4xx_it.o(.text.UsageFault_Handler)
    delay_ms                                 0x080045c9   Thumb Code    60  main.o(.text.delay_ms)
    delay_us                                 0x08004605   Thumb Code   174  delay.o(.text.delay_us)
    leg_ik                                   0x0800476d   Thumb Code   468  leg_ik.o(.text.leg_ik)
    main                                     0x0800499d   Thumb Code   150  main.o(.text.main)
    set_left_back_h_angle                    0x08004a35   Thumb Code    82  server_drive.o(.text.set_left_back_h_angle)
    set_left_back_l_angle                    0x08004a89   Thumb Code    82  server_drive.o(.text.set_left_back_l_angle)
    set_left_front_h_angle                   0x08004add   Thumb Code    82  server_drive.o(.text.set_left_front_h_angle)
    set_left_front_l_angle                   0x08004b31   Thumb Code    82  server_drive.o(.text.set_left_front_l_angle)
    set_right_back_h_angle                   0x08004b85   Thumb Code    82  server_drive.o(.text.set_right_back_h_angle)
    set_right_back_l_angle                   0x08004bd9   Thumb Code    82  server_drive.o(.text.set_right_back_l_angle)
    set_right_front_h_angle                  0x08004c2d   Thumb Code    82  server_drive.o(.text.set_right_front_h_angle)
    set_right_front_l_angle                  0x08004c81   Thumb Code    82  server_drive.o(.text.set_right_front_l_angle)
    __ARM_fpclassifyf                        0x08004cd3   Thumb Code    38  fpclassifyf.o(i.__ARM_fpclassifyf)
    __hardfp_acosf                           0x08004cf9   Thumb Code   234  acosf.o(i.__hardfp_acosf)
    __hardfp_atanf                           0x08004e11   Thumb Code   296  atanf.o(i.__hardfp_atanf)
    __hardfp_sinf                            0x08004f71   Thumb Code   344  sinf.o(i.__hardfp_sinf)
    __hardfp_sqrtf                           0x08005101   Thumb Code    58  sqrtf.o(i.__hardfp_sqrtf)
    __mathlib_flt_infnan                     0x0800513b   Thumb Code     6  funder.o(i.__mathlib_flt_infnan)
    __mathlib_flt_invalid                    0x08005141   Thumb Code    10  funder.o(i.__mathlib_flt_invalid)
    __mathlib_flt_underflow                  0x08005151   Thumb Code    10  funder.o(i.__mathlib_flt_underflow)
    __mathlib_rredf2                         0x08005161   Thumb Code   316  rredf.o(i.__mathlib_rredf2)
    sqrtf                                    0x080052b5   Thumb Code    62  sqrtf.o(i.sqrtf)
    _fp_init                                 0x080052f3   Thumb Code    26  fpinit.o(x$fpl$fpinit)
    __fplib_config_fpu_vfp                   0x0800530b   Thumb Code     0  fpinit.o(x$fpl$fpinit)
    __fplib_config_pureend_doubles           0x0800530b   Thumb Code     0  fpinit.o(x$fpl$fpinit)
    __I$use$fp                               0x0800530c   Number         0  usenofp.o(x$fpl$usenofp)
    AHBPrescTable                            0x0800532c   Data          16  system_stm32f4xx.o(.rodata.AHBPrescTable)
    APBPrescTable                            0x0800533c   Data           8  system_stm32f4xx.o(.rodata.APBPrescTable)
    PS2_cmnd                                 0x08005344   Data           9  ax_ps2.o(.rodata.PS2_cmnd)
    Region$$Table$$Base                      0x08005350   Number         0  anon$$obj.o(Region$$Table)
    Region$$Table$$Limit                     0x08005370   Number         0  anon$$obj.o(Region$$Table)
    SystemCoreClock                          0x20000000   Data           4  system_stm32f4xx.o(.data.SystemCoreClock)
    leg_height                               0x20000004   Data          20  dog_control.o(.data.leg_height)
    uwTickFreq                               0x20000018   Data           1  stm32f4xx_hal.o(.data.uwTickFreq)
    uwTickPrio                               0x2000001c   Data           4  stm32f4xx_hal.o(.data.uwTickPrio)
    __libspace_start                         0x20000020   Data          96  libspace.o(.bss)
    PS2_Data                                 0x20000080   Data           7  tim_it.o(.bss.PS2_Data)
    __temporary_stack_top$libspace           0x20000080   Data           0  libspace.o(.bss)
    hadc1                                    0x20000090   Data          72  adc.o(.bss.hadc1)
    hi2c1                                    0x200000d8   Data          84  i2c.o(.bss.hi2c1)
    hrtc                                     0x2000012c   Data          32  rtc.o(.bss.hrtc)
    htim1                                    0x2000014c   Data          72  tim.o(.bss.htim1)
    htim2                                    0x20000194   Data          72  tim.o(.bss.htim2)
    htim3                                    0x200001dc   Data          72  tim.o(.bss.htim3)
    htim4                                    0x20000224   Data          72  tim.o(.bss.htim4)
    htim5                                    0x2000026c   Data          72  tim.o(.bss.htim5)
    huart1                                   0x200002b4   Data          72  usart.o(.bss.huart1)
    uwTick                                   0x20000304   Data           4  stm32f4xx_hal.o(.bss.uwTick)



==============================================================================

Memory Map of the image

  Image Entry point : 0x08000195

  Load Region LR_IROM1 (Base: 0x08000000, Size: 0x00005390, Max: 0x00040000, ABSOLUTE)

    Execution Region ER_IROM1 (Exec base: 0x08000000, Load base: 0x08000000, Size: 0x00005370, Max: 0x00040000, ABSOLUTE)

    Exec Addr    Load Addr    Size         Type   Attr      Idx    E Section Name        Object

    0x08000000   0x08000000   0x00000194   Data   RO            3    RESET               startup_stm32f401xc.o
    0x08000194   0x08000194   0x00000008   Code   RO         1634  * !!!main             c_w.l(__main.o)
    0x0800019c   0x0800019c   0x0000005c   Code   RO         1860    !!!scatter          c_w.l(__scatter.o)
    0x080001f8   0x080001f8   0x0000001a   Code   RO         1864    !!handler_copy      c_w.l(__scatter_copy.o)
    0x08000212   0x08000212   0x00000002   PAD
    0x08000214   0x08000214   0x00000002   Code   RO         1861    !!handler_null      c_w.l(__scatter.o)
    0x08000216   0x08000216   0x00000002   PAD
    0x08000218   0x08000218   0x0000001c   Code   RO         1866    !!handler_zi        c_w.l(__scatter_zi.o)
    0x08000234   0x08000234   0x00000002   Code   RO         1725    .ARM.Collect$$libinit$$00000000  c_w.l(libinit.o)
    0x08000236   0x08000236   0x00000004   Code   RO         1734    .ARM.Collect$$libinit$$00000001  c_w.l(libinit2.o)
    0x0800023a   0x0800023a   0x00000000   Code   RO         1737    .ARM.Collect$$libinit$$00000004  c_w.l(libinit2.o)
    0x0800023a   0x0800023a   0x00000000   Code   RO         1739    .ARM.Collect$$libinit$$00000006  c_w.l(libinit2.o)
    0x0800023a   0x0800023a   0x00000000   Code   RO         1742    .ARM.Collect$$libinit$$0000000C  c_w.l(libinit2.o)
    0x0800023a   0x0800023a   0x00000000   Code   RO         1744    .ARM.Collect$$libinit$$0000000E  c_w.l(libinit2.o)
    0x0800023a   0x0800023a   0x00000000   Code   RO         1746    .ARM.Collect$$libinit$$00000010  c_w.l(libinit2.o)
    0x0800023a   0x0800023a   0x00000000   Code   RO         1749    .ARM.Collect$$libinit$$00000013  c_w.l(libinit2.o)
    0x0800023a   0x0800023a   0x00000000   Code   RO         1751    .ARM.Collect$$libinit$$00000015  c_w.l(libinit2.o)
    0x0800023a   0x0800023a   0x00000000   Code   RO         1753    .ARM.Collect$$libinit$$00000017  c_w.l(libinit2.o)
    0x0800023a   0x0800023a   0x00000000   Code   RO         1755    .ARM.Collect$$libinit$$00000019  c_w.l(libinit2.o)
    0x0800023a   0x0800023a   0x00000000   Code   RO         1757    .ARM.Collect$$libinit$$0000001B  c_w.l(libinit2.o)
    0x0800023a   0x0800023a   0x00000000   Code   RO         1759    .ARM.Collect$$libinit$$0000001D  c_w.l(libinit2.o)
    0x0800023a   0x0800023a   0x00000000   Code   RO         1761    .ARM.Collect$$libinit$$0000001F  c_w.l(libinit2.o)
    0x0800023a   0x0800023a   0x00000000   Code   RO         1763    .ARM.Collect$$libinit$$00000021  c_w.l(libinit2.o)
    0x0800023a   0x0800023a   0x00000000   Code   RO         1765    .ARM.Collect$$libinit$$00000023  c_w.l(libinit2.o)
    0x0800023a   0x0800023a   0x00000000   Code   RO         1767    .ARM.Collect$$libinit$$00000025  c_w.l(libinit2.o)
    0x0800023a   0x0800023a   0x00000000   Code   RO         1769    .ARM.Collect$$libinit$$00000027  c_w.l(libinit2.o)
    0x0800023a   0x0800023a   0x00000000   Code   RO         1773    .ARM.Collect$$libinit$$0000002E  c_w.l(libinit2.o)
    0x0800023a   0x0800023a   0x00000000   Code   RO         1775    .ARM.Collect$$libinit$$00000030  c_w.l(libinit2.o)
    0x0800023a   0x0800023a   0x00000000   Code   RO         1777    .ARM.Collect$$libinit$$00000032  c_w.l(libinit2.o)
    0x0800023a   0x0800023a   0x00000000   Code   RO         1779    .ARM.Collect$$libinit$$00000034  c_w.l(libinit2.o)
    0x0800023a   0x0800023a   0x00000002   Code   RO         1780    .ARM.Collect$$libinit$$00000035  c_w.l(libinit2.o)
    0x0800023c   0x0800023c   0x00000002   Code   RO         1815    .ARM.Collect$$libshutdown$$00000000  c_w.l(libshutdown.o)
    0x0800023e   0x0800023e   0x00000000   Code   RO         1843    .ARM.Collect$$libshutdown$$00000002  c_w.l(libshutdown2.o)
    0x0800023e   0x0800023e   0x00000000   Code   RO         1845    .ARM.Collect$$libshutdown$$00000004  c_w.l(libshutdown2.o)
    0x0800023e   0x0800023e   0x00000000   Code   RO         1848    .ARM.Collect$$libshutdown$$00000007  c_w.l(libshutdown2.o)
    0x0800023e   0x0800023e   0x00000000   Code   RO         1851    .ARM.Collect$$libshutdown$$0000000A  c_w.l(libshutdown2.o)
    0x0800023e   0x0800023e   0x00000000   Code   RO         1853    .ARM.Collect$$libshutdown$$0000000C  c_w.l(libshutdown2.o)
    0x0800023e   0x0800023e   0x00000000   Code   RO         1856    .ARM.Collect$$libshutdown$$0000000F  c_w.l(libshutdown2.o)
    0x0800023e   0x0800023e   0x00000002   Code   RO         1857    .ARM.Collect$$libshutdown$$00000010  c_w.l(libshutdown2.o)
    0x08000240   0x08000240   0x00000000   Code   RO         1660    .ARM.Collect$$rtentry$$00000000  c_w.l(__rtentry.o)
    0x08000240   0x08000240   0x00000000   Code   RO         1688    .ARM.Collect$$rtentry$$00000002  c_w.l(__rtentry2.o)
    0x08000240   0x08000240   0x00000006   Code   RO         1700    .ARM.Collect$$rtentry$$00000004  c_w.l(__rtentry4.o)
    0x08000246   0x08000246   0x00000000   Code   RO         1690    .ARM.Collect$$rtentry$$00000009  c_w.l(__rtentry2.o)
    0x08000246   0x08000246   0x00000004   Code   RO         1691    .ARM.Collect$$rtentry$$0000000A  c_w.l(__rtentry2.o)
    0x0800024a   0x0800024a   0x00000000   Code   RO         1693    .ARM.Collect$$rtentry$$0000000C  c_w.l(__rtentry2.o)
    0x0800024a   0x0800024a   0x00000008   Code   RO         1694    .ARM.Collect$$rtentry$$0000000D  c_w.l(__rtentry2.o)
    0x08000252   0x08000252   0x00000002   Code   RO         1726    .ARM.Collect$$rtexit$$00000000  c_w.l(rtexit.o)
    0x08000254   0x08000254   0x00000000   Code   RO         1786    .ARM.Collect$$rtexit$$00000002  c_w.l(rtexit2.o)
    0x08000254   0x08000254   0x00000004   Code   RO         1787    .ARM.Collect$$rtexit$$00000003  c_w.l(rtexit2.o)
    0x08000258   0x08000258   0x00000006   Code   RO         1788    .ARM.Collect$$rtexit$$00000004  c_w.l(rtexit2.o)
    0x0800025e   0x0800025e   0x00000002   PAD
    0x08000260   0x08000260   0x00000040   Code   RO            4    .text               startup_stm32f401xc.o
    0x080002a0   0x080002a0   0x000000f0   Code   RO         1628    .text               c_w.l(lludivv7m.o)
    0x08000390   0x08000390   0x0000004e   Code   RO         1630    .text               c_w.l(rt_memclr_w.o)
    0x080003de   0x080003de   0x00000006   Code   RO         1632    .text               c_w.l(heapauxi.o)
    0x080003e4   0x080003e4   0x00000016   Code   RO         1665    .text               c_w.l(_rserrno.o)
    0x080003fa   0x080003fa   0x00000002   PAD
    0x080003fc   0x080003fc   0x00000008   Code   RO         1707    .text               c_w.l(rt_errno_addr_intlibspace.o)
    0x08000404   0x08000404   0x00000008   Code   RO         1709    .text               c_w.l(libspace.o)
    0x0800040c   0x0800040c   0x0000004a   Code   RO         1712    .text               c_w.l(sys_stackheap_outer.o)
    0x08000456   0x08000456   0x00000012   Code   RO         1714    .text               c_w.l(exit.o)
    0x08000468   0x08000468   0x0000000c   Code   RO         1781    .text               c_w.l(sys_exit.o)
    0x08000474   0x08000474   0x00000002   Code   RO         1804    .text               c_w.l(use_no_semi.o)
    0x08000476   0x08000476   0x00000000   Code   RO         1806    .text               c_w.l(indicate_semi.o)
    0x08000476   0x08000476   0x00000002   PAD
    0x08000478   0x08000478   0x0000018a   Code   RO          168    .text.ADC_Init      stm32f4xx_hal_adc.o
    0x08000602   0x08000602   0x00000002   PAD
    0x08000604   0x08000604   0x00000034   Code   RO         1571    .text.AX_PS2_Init   ax_ps2.o
    0x08000638   0x08000638   0x000000a2   Code   RO         1573    .text.AX_PS2_ScanKey  ax_ps2.o
    0x080006da   0x080006da   0x00000002   PAD
    0x080006dc   0x080006dc   0x00000074   Code   RO         1537    .text.All_init      init.o
    0x08000750   0x08000750   0x00000004   Code   RO          133    .text.BusFault_Handler  stm32f4xx_it.o
    0x08000754   0x08000754   0x00000002   Code   RO          139    .text.DebugMon_Handler  stm32f4xx_it.o
    0x08000756   0x08000756   0x00000002   PAD
    0x08000758   0x08000758   0x0000000a   Code   RO           17    .text.Error_Handler  main.o
    0x08000762   0x08000762   0x00000002   PAD
    0x08000764   0x08000764   0x00000218   Code   RO          208    .text.HAL_ADC_ConfigChannel  stm32f4xx_hal_adc.o
    0x0800097c   0x0800097c   0x000000a8   Code   RO          164    .text.HAL_ADC_Init  stm32f4xx_hal_adc.o
    0x08000a24   0x08000a24   0x00000086   Code   RO           41    .text.HAL_ADC_MspInit  adc.o
    0x08000aaa   0x08000aaa   0x00000002   PAD
    0x08000aac   0x08000aac   0x00000362   Code   RO          408    .text.HAL_GPIO_Init  stm32f4xx_hal_gpio.o
    0x08000e0e   0x08000e0e   0x00000002   PAD
    0x08000e10   0x08000e10   0x0000002e   Code   RO          412    .text.HAL_GPIO_ReadPin  stm32f4xx_hal_gpio.o
    0x08000e3e   0x08000e3e   0x00000002   PAD
    0x08000e40   0x08000e40   0x0000002e   Code   RO          414    .text.HAL_GPIO_WritePin  stm32f4xx_hal_gpio.o
    0x08000e6e   0x08000e6e   0x00000002   PAD
    0x08000e70   0x08000e70   0x0000000c   Code   RO          641    .text.HAL_GetTick   stm32f4xx_hal.o
    0x08000e7c   0x08000e7c   0x000002a4   Code   RO          718    .text.HAL_I2C_Init  stm32f4xx_hal_i2c.o
    0x08001120   0x08001120   0x00000090   Code   RO           55    .text.HAL_I2C_MspInit  i2c.o
    0x080011b0   0x080011b0   0x0000001a   Code   RO          639    .text.HAL_IncTick   stm32f4xx_hal.o
    0x080011ca   0x080011ca   0x00000002   PAD
    0x080011cc   0x080011cc   0x00000036   Code   RO          629    .text.HAL_Init      stm32f4xx_hal.o
    0x08001202   0x08001202   0x00000002   PAD
    0x08001204   0x08001204   0x00000070   Code   RO          631    .text.HAL_InitTick  stm32f4xx_hal.o
    0x08001274   0x08001274   0x0000004a   Code   RO          156    .text.HAL_MspInit   stm32f4xx_hal_msp.o
    0x080012be   0x080012be   0x00000002   PAD
    0x080012c0   0x080012c0   0x00000014   Code   RO          564    .text.HAL_NVIC_EnableIRQ  stm32f4xx_hal_cortex.o
    0x080012d4   0x080012d4   0x00000032   Code   RO          556    .text.HAL_NVIC_SetPriority  stm32f4xx_hal_cortex.o
    0x08001306   0x08001306   0x00000002   PAD
    0x08001308   0x08001308   0x00000010   Code   RO          552    .text.HAL_NVIC_SetPriorityGrouping  stm32f4xx_hal_cortex.o
    0x08001318   0x08001318   0x00000254   Code   RO          295    .text.HAL_RCCEx_PeriphCLKConfig  stm32f4xx_hal_rcc_ex.o
    0x0800156c   0x0800156c   0x00000262   Code   RO          264    .text.HAL_RCC_ClockConfig  stm32f4xx_hal_rcc.o
    0x080017ce   0x080017ce   0x00000002   PAD
    0x080017d0   0x080017d0   0x0000000c   Code   RO          274    .text.HAL_RCC_GetHCLKFreq  stm32f4xx_hal_rcc.o
    0x080017dc   0x080017dc   0x00000022   Code   RO          276    .text.HAL_RCC_GetPCLK1Freq  stm32f4xx_hal_rcc.o
    0x080017fe   0x080017fe   0x00000002   PAD
    0x08001800   0x08001800   0x00000022   Code   RO          278    .text.HAL_RCC_GetPCLK2Freq  stm32f4xx_hal_rcc.o
    0x08001822   0x08001822   0x00000002   PAD
    0x08001824   0x08001824   0x000000e6   Code   RO          266    .text.HAL_RCC_GetSysClockFreq  stm32f4xx_hal_rcc.o
    0x0800190a   0x0800190a   0x00000002   PAD
    0x0800190c   0x0800190c   0x000006be   Code   RO          262    .text.HAL_RCC_OscConfig  stm32f4xx_hal_rcc.o
    0x08001fca   0x08001fca   0x00000002   PAD
    0x08001fcc   0x08001fcc   0x0000010c   Code   RO          900    .text.HAL_RTC_Init  stm32f4xx_hal_rtc.o
    0x080020d8   0x080020d8   0x00000050   Code   RO           69    .text.HAL_RTC_MspInit  rtc.o
    0x08002128   0x08002128   0x00000126   Code   RO          920    .text.HAL_RTC_SetDate  stm32f4xx_hal_rtc.o
    0x0800224e   0x0800224e   0x00000002   PAD
    0x08002250   0x08002250   0x00000156   Code   RO          912    .text.HAL_RTC_SetTime  stm32f4xx_hal_rtc.o
    0x080023a6   0x080023a6   0x00000002   PAD
    0x080023a8   0x080023a8   0x00000058   Code   RO          938    .text.HAL_RTC_WaitForSynchro  stm32f4xx_hal_rtc.o
    0x08002400   0x08002400   0x00000010   Code   RO          576    .text.HAL_SYSTICK_Config  stm32f4xx_hal_cortex.o
    0x08002410   0x08002410   0x00000008   Code   RO         1355    .text.HAL_TIMEx_BreakCallback  stm32f4xx_hal_tim_ex.o
    0x08002418   0x08002418   0x00000008   Code   RO         1351    .text.HAL_TIMEx_CommutCallback  stm32f4xx_hal_tim_ex.o
    0x08002420   0x08002420   0x000000fe   Code   RO         1345    .text.HAL_TIMEx_MasterConfigSynchronization  stm32f4xx_hal_tim_ex.o
    0x0800251e   0x0800251e   0x00000002   PAD
    0x08002520   0x08002520   0x0000009c   Code   RO         1032    .text.HAL_TIM_Base_Init  stm32f4xx_hal_tim.o
    0x080025bc   0x080025bc   0x000000d2   Code   RO           93    .text.HAL_TIM_Base_MspInit  tim.o
    0x0800268e   0x0800268e   0x00000002   PAD
    0x08002690   0x08002690   0x000000d2   Code   RO         1046    .text.HAL_TIM_Base_Start_IT  stm32f4xx_hal_tim.o
    0x08002762   0x08002762   0x00000002   PAD
    0x08002764   0x08002764   0x00000184   Code   RO         1224    .text.HAL_TIM_ConfigClockSource  stm32f4xx_hal_tim.o
    0x080028e8   0x080028e8   0x00000008   Code   RO         1168    .text.HAL_TIM_IC_CaptureCallback  stm32f4xx_hal_tim.o
    0x080028f0   0x080028f0   0x0000021a   Code   RO         1166    .text.HAL_TIM_IRQHandler  stm32f4xx_hal_tim.o
    0x08002b0a   0x08002b0a   0x00000002   PAD
    0x08002b0c   0x08002b0c   0x000000bc   Code   RO           85    .text.HAL_TIM_MspPostInit  tim.o
    0x08002bc8   0x08002bc8   0x00000008   Code   RO         1170    .text.HAL_TIM_OC_DelayElapsedCallback  stm32f4xx_hal_tim.o
    0x08002bd0   0x08002bd0   0x00000142   Code   RO         1198    .text.HAL_TIM_PWM_ConfigChannel  stm32f4xx_hal_tim.o
    0x08002d12   0x08002d12   0x00000002   PAD
    0x08002d14   0x08002d14   0x0000009c   Code   RO         1086    .text.HAL_TIM_PWM_Init  stm32f4xx_hal_tim.o
    0x08002db0   0x08002db0   0x00000070   Code   RO           95    .text.HAL_TIM_PWM_MspInit  tim.o
    0x08002e20   0x08002e20   0x00000008   Code   RO         1172    .text.HAL_TIM_PWM_PulseFinishedCallback  stm32f4xx_hal_tim.o
    0x08002e28   0x08002e28   0x00000180   Code   RO         1094    .text.HAL_TIM_PWM_Start  stm32f4xx_hal_tim.o
    0x08002fa8   0x08002fa8   0x0000002a   Code   RO         1594    .text.HAL_TIM_PeriodElapsedCallback  tim_it.o
    0x08002fd2   0x08002fd2   0x00000002   PAD
    0x08002fd4   0x08002fd4   0x00000008   Code   RO         1176    .text.HAL_TIM_TriggerCallback  stm32f4xx_hal_tim.o
    0x08002fdc   0x08002fdc   0x0000009e   Code   RO         1368    .text.HAL_UART_Init  stm32f4xx_hal_uart.o
    0x0800307a   0x0800307a   0x00000002   PAD
    0x0800307c   0x0800307c   0x00000090   Code   RO          115    .text.HAL_UART_MspInit  usart.o
    0x0800310c   0x0800310c   0x00000004   Code   RO          129    .text.HardFault_Handler  stm32f4xx_it.o
    0x08003110   0x08003110   0x00000080   Code   RO           39    .text.MX_ADC1_Init  adc.o
    0x08003190   0x08003190   0x0000011a   Code   RO           31    .text.MX_GPIO_Init  gpio.o
    0x080032aa   0x080032aa   0x00000002   PAD
    0x080032ac   0x080032ac   0x00000048   Code   RO           53    .text.MX_I2C1_Init  i2c.o
    0x080032f4   0x080032f4   0x000000a2   Code   RO           67    .text.MX_RTC_Init   rtc.o
    0x08003396   0x08003396   0x00000002   PAD
    0x08003398   0x08003398   0x0000008a   Code   RO           81    .text.MX_TIM1_Init  tim.o
    0x08003422   0x08003422   0x00000002   PAD
    0x08003424   0x08003424   0x000000ea   Code   RO           83    .text.MX_TIM2_Init  tim.o
    0x0800350e   0x0800350e   0x00000002   PAD
    0x08003510   0x08003510   0x000000ee   Code   RO           87    .text.MX_TIM3_Init  tim.o
    0x080035fe   0x080035fe   0x00000002   PAD
    0x08003600   0x08003600   0x00000086   Code   RO           89    .text.MX_TIM4_Init  tim.o
    0x08003686   0x08003686   0x00000002   PAD
    0x08003688   0x08003688   0x00000088   Code   RO           91    .text.MX_TIM5_Init  tim.o
    0x08003710   0x08003710   0x00000040   Code   RO          113    .text.MX_USART1_UART_Init  usart.o
    0x08003750   0x08003750   0x00000004   Code   RO          131    .text.MemManage_Handler  stm32f4xx_it.o
    0x08003754   0x08003754   0x00000004   Code   RO          127    .text.NMI_Handler   stm32f4xx_it.o
    0x08003758   0x08003758   0x0000006c   Code   RO          562    .text.NVIC_EncodePriority  stm32f4xx_hal_cortex.o
    0x080037c4   0x080037c4   0x000000b2   Code   RO         1575    .text.PS2_ReadWriteData  ax_ps2.o
    0x08003876   0x08003876   0x00000002   PAD
    0x08003878   0x08003878   0x00000002   Code   RO          141    .text.PendSV_Handler  stm32f4xx_it.o
    0x0800387a   0x0800387a   0x00000002   PAD
    0x0800387c   0x0800387c   0x0000003a   Code   RO          914    .text.RTC_ByteToBcd2  stm32f4xx_hal_rtc.o
    0x080038b6   0x080038b6   0x00000002   PAD
    0x080038b8   0x080038b8   0x00000082   Code   RO          904    .text.RTC_EnterInitMode  stm32f4xx_hal_rtc.o
    0x0800393a   0x0800393a   0x00000002   PAD
    0x0800393c   0x0800393c   0x00000048   Code   RO          906    .text.RTC_ExitInitMode  stm32f4xx_hal_rtc.o
    0x08003984   0x08003984   0x00000002   Code   RO          137    .text.SVC_Handler   stm32f4xx_it.o
    0x08003986   0x08003986   0x00000002   PAD
    0x08003988   0x08003988   0x00000064   Code   RO         1603    .text.Stand         dog_control.o
    0x080039ec   0x080039ec   0x00000052   Code   RO          578    .text.SysTick_Config  stm32f4xx_hal_cortex.o
    0x08003a3e   0x08003a3e   0x00000002   PAD
    0x08003a40   0x08003a40   0x00000008   Code   RO          143    .text.SysTick_Handler  stm32f4xx_it.o
    0x08003a48   0x08003a48   0x000000bc   Code   RO           15    .text.SystemClock_Config  main.o
    0x08003b04   0x08003b04   0x00000012   Code   RO         1499    .text.SystemInit    system_stm32f4xx.o
    0x08003b16   0x08003b16   0x00000002   PAD
    0x08003b18   0x08003b18   0x00000010   Code   RO          145    .text.TIM1_UP_TIM10_IRQHandler  stm32f4xx_it.o
    0x08003b28   0x08003b28   0x00000010   Code   RO          147    .text.TIM5_IRQHandler  stm32f4xx_it.o
    0x08003b38   0x08003b38   0x00000144   Code   RO         1036    .text.TIM_Base_SetConfig  stm32f4xx_hal_tim.o
    0x08003c7c   0x08003c7c   0x00000036   Code   RO         1070    .text.TIM_CCxChannelCmd  stm32f4xx_hal_tim.o
    0x08003cb2   0x08003cb2   0x00000002   PAD
    0x08003cb4   0x08003cb4   0x00000034   Code   RO         1222    .text.TIM_ETR_SetConfig  stm32f4xx_hal_tim.o
    0x08003ce8   0x08003ce8   0x0000002a   Code   RO         1228    .text.TIM_ITRx_SetConfig  stm32f4xx_hal_tim.o
    0x08003d12   0x08003d12   0x00000002   PAD
    0x08003d14   0x08003d14   0x000000ca   Code   RO         1180    .text.TIM_OC1_SetConfig  stm32f4xx_hal_tim.o
    0x08003dde   0x08003dde   0x00000002   PAD
    0x08003de0   0x08003de0   0x000000d4   Code   RO         1182    .text.TIM_OC2_SetConfig  stm32f4xx_hal_tim.o
    0x08003eb4   0x08003eb4   0x000000d2   Code   RO         1184    .text.TIM_OC3_SetConfig  stm32f4xx_hal_tim.o
    0x08003f86   0x08003f86   0x00000002   PAD
    0x08003f88   0x08003f88   0x00000094   Code   RO         1186    .text.TIM_OC4_SetConfig  stm32f4xx_hal_tim.o
    0x0800401c   0x0800401c   0x00000050   Code   RO         1226    .text.TIM_TI1_ConfigInputStage  stm32f4xx_hal_tim.o
    0x0800406c   0x0800406c   0x00000052   Code   RO         1230    .text.TIM_TI2_ConfigInputStage  stm32f4xx_hal_tim.o
    0x080040be   0x080040be   0x00000002   PAD
    0x080040c0   0x080040c0   0x000002b8   Code   RO         1609    .text.Trot          dog_control.o
    0x08004378   0x08004378   0x0000013a   Code   RO         1372    .text.UART_SetConfig  stm32f4xx_hal_uart.o
    0x080044b2   0x080044b2   0x00000002   PAD
    0x080044b4   0x080044b4   0x00000004   Code   RO          135    .text.UsageFault_Handler  stm32f4xx_it.o
    0x080044b8   0x080044b8   0x00000030   Code   RO          566    .text.__NVIC_EnableIRQ  stm32f4xx_hal_cortex.o
    0x080044e8   0x080044e8   0x00000010   Code   RO          558    .text.__NVIC_GetPriorityGrouping  stm32f4xx_hal_cortex.o
    0x080044f8   0x080044f8   0x00000042   Code   RO          560    .text.__NVIC_SetPriority  stm32f4xx_hal_cortex.o
    0x0800453a   0x0800453a   0x00000002   PAD
    0x0800453c   0x0800453c   0x0000003c   Code   RO          554    .text.__NVIC_SetPriorityGrouping  stm32f4xx_hal_cortex.o
    0x08004578   0x08004578   0x00000050   Code   RO         1561    .text.clampf        leg_ik.o
    0x080045c8   0x080045c8   0x0000003c   Code   RO           11    .text.delay_ms      main.o
    0x08004604   0x08004604   0x000000ae   Code   RO         1586    .text.delay_us      delay.o
    0x080046b2   0x080046b2   0x00000002   PAD
    0x080046b4   0x080046b4   0x000000b6   Code   RO         1617    .text.leg_execute   dog_control.o
    0x0800476a   0x0800476a   0x00000002   PAD
    0x0800476c   0x0800476c   0x000001f8   Code   RO         1559    .text.leg_ik        leg_ik.o
    0x08004964   0x08004964   0x00000038   Code   RO         1605    .text.leg_ik_execute  dog_control.o
    0x0800499c   0x0800499c   0x00000096   Code   RO           13    .text.main          main.o
    0x08004a32   0x08004a32   0x00000002   PAD
    0x08004a34   0x08004a34   0x00000052   Code   RO         1521    .text.set_left_back_h_angle  server_drive.o
    0x08004a86   0x08004a86   0x00000002   PAD
    0x08004a88   0x08004a88   0x00000052   Code   RO         1523    .text.set_left_back_l_angle  server_drive.o
    0x08004ada   0x08004ada   0x00000002   PAD
    0x08004adc   0x08004adc   0x00000052   Code   RO         1513    .text.set_left_front_h_angle  server_drive.o
    0x08004b2e   0x08004b2e   0x00000002   PAD
    0x08004b30   0x08004b30   0x00000052   Code   RO         1515    .text.set_left_front_l_angle  server_drive.o
    0x08004b82   0x08004b82   0x00000002   PAD
    0x08004b84   0x08004b84   0x00000052   Code   RO         1527    .text.set_right_back_h_angle  server_drive.o
    0x08004bd6   0x08004bd6   0x00000002   PAD
    0x08004bd8   0x08004bd8   0x00000052   Code   RO         1525    .text.set_right_back_l_angle  server_drive.o
    0x08004c2a   0x08004c2a   0x00000002   PAD
    0x08004c2c   0x08004c2c   0x00000052   Code   RO         1519    .text.set_right_front_h_angle  server_drive.o
    0x08004c7e   0x08004c7e   0x00000002   PAD
    0x08004c80   0x08004c80   0x00000052   Code   RO         1517    .text.set_right_front_l_angle  server_drive.o
    0x08004cd2   0x08004cd2   0x00000026   Code   RO         1668    i.__ARM_fpclassifyf  m_wm.l(fpclassifyf.o)
    0x08004cf8   0x08004cf8   0x00000118   Code   RO         1636    i.__hardfp_acosf    m_wm.l(acosf.o)
    0x08004e10   0x08004e10   0x00000160   Code   RO         1642    i.__hardfp_atanf    m_wm.l(atanf.o)
    0x08004f70   0x08004f70   0x00000190   Code   RO         1648    i.__hardfp_sinf     m_wm.l(sinf.o)
    0x08005100   0x08005100   0x0000003a   Code   RO         1654    i.__hardfp_sqrtf    m_wm.l(sqrtf.o)
    0x0800513a   0x0800513a   0x00000006   Code   RO         1671    i.__mathlib_flt_infnan  m_wm.l(funder.o)
    0x08005140   0x08005140   0x00000010   Code   RO         1673    i.__mathlib_flt_invalid  m_wm.l(funder.o)
    0x08005150   0x08005150   0x00000010   Code   RO         1676    i.__mathlib_flt_underflow  m_wm.l(funder.o)
    0x08005160   0x08005160   0x00000154   Code   RO         1684    i.__mathlib_rredf2  m_wm.l(rredf.o)
    0x080052b4   0x080052b4   0x0000003e   Code   RO         1656    i.sqrtf             m_wm.l(sqrtf.o)
    0x080052f2   0x080052f2   0x0000001a   Code   RO         1798    x$fpl$fpinit        fz_wm.l(fpinit.o)
    0x0800530c   0x0800530c   0x00000000   Code   RO         1667    x$fpl$usenofp       fz_wm.l(usenofp.o)
    0x0800530c   0x0800530c   0x00000020   Data   RO         1685    .constdata          m_wm.l(rredf.o)
    0x0800532c   0x0800532c   0x00000010   Data   RO         1504    .rodata.AHBPrescTable  system_stm32f4xx.o
    0x0800533c   0x0800533c   0x00000008   Data   RO         1505    .rodata.APBPrescTable  system_stm32f4xx.o
    0x08005344   0x08005344   0x00000009   Data   RO         1577    .rodata.PS2_cmnd    ax_ps2.o
    0x0800534d   0x0800534d   0x00000003   PAD
    0x08005350   0x08005350   0x00000020   Data   RO         1859    Region$$Table       anon$$obj.o


    Execution Region RW_IRAM1 (Exec base: 0x20000000, Load base: 0x08005370, Size: 0x00000908, Max: 0x00010000, ABSOLUTE)

    Exec Addr    Load Addr    Size         Type   Attr      Idx    E Section Name        Object

    0x20000000   0x08005370   0x00000004   Data   RW         1503    .data.SystemCoreClock  system_stm32f4xx.o
    0x20000004   0x08005374   0x00000014   Data   RW         1619    .data.leg_height    dog_control.o
    0x20000018   0x08005388   0x00000001   Data   RW          684    .data.uwTickFreq    stm32f4xx_hal.o
    0x20000019   0x08005389   0x00000003   PAD
    0x2000001c   0x0800538c   0x00000004   Data   RW          683    .data.uwTickPrio    stm32f4xx_hal.o
    0x20000020        -       0x00000060   Zero   RW         1710    .bss                c_w.l(libspace.o)
    0x20000080        -       0x00000007   Zero   RW         1596    .bss.PS2_Data       tim_it.o
    0x20000087        -       0x00000009   Zero   RW         1578    .bss.PS2_data       ax_ps2.o
    0x20000090        -       0x00000048   Zero   RW           45    .bss.hadc1          adc.o
    0x200000d8        -       0x00000054   Zero   RW           59    .bss.hi2c1          i2c.o
    0x2000012c        -       0x00000020   Zero   RW           73    .bss.hrtc           rtc.o
    0x2000014c        -       0x00000048   Zero   RW          101    .bss.htim1          tim.o
    0x20000194        -       0x00000048   Zero   RW          102    .bss.htim2          tim.o
    0x200001dc        -       0x00000048   Zero   RW          103    .bss.htim3          tim.o
    0x20000224        -       0x00000048   Zero   RW          104    .bss.htim4          tim.o
    0x2000026c        -       0x00000048   Zero   RW          105    .bss.htim5          tim.o
    0x200002b4        -       0x00000048   Zero   RW          119    .bss.huart1         usart.o
    0x200002fc        -       0x00000008   Zero   RW         1563    .bss.leg_ik.angle   leg_ik.o
    0x20000304        -       0x00000004   Zero   RW          685    .bss.uwTick         stm32f4xx_hal.o
    0x20000308        -       0x00000200   Zero   RW            2    HEAP                startup_stm32f401xc.o
    0x20000508        -       0x00000400   Zero   RW            1    STACK               startup_stm32f401xc.o


==============================================================================

Image component sizes


      Code (inc. data)   RO Data    RW Data    ZI Data      Debug   Object Name

       262          0          0          0         72       4909   adc.o
       392          0          9          0          9       2027   ax_ps2.o
       174          0          0          0          0        989   delay.o
      1034         20          0         20          0       2607   dog_control.o
       282          0          0          0          0       2197   gpio.o
       216          0          0          0         84       5106   i2c.o
       116          0          0          0          0        962   init.o
       584         36          0          0          8       1153   leg_ik.o
       408          0          0          0          0       3180   main.o
       242          0          0          0         32       3360   rtc.o
       656          0          0          0          0       2205   server_drive.o
        64         26        404          0       1536        820   startup_stm32f401xc.o
       204          0          0          5          4       6650   stm32f4xx_hal.o
      1098          0          0          0          0       9862   stm32f4xx_hal_adc.o
       482          0          0          0          0       9191   stm32f4xx_hal_cortex.o
       958          0          0          0          0       5071   stm32f4xx_hal_gpio.o
       676          0          0          0          0      37676   stm32f4xx_hal_i2c.o
        74          0          0          0          0       1514   stm32f4xx_hal_msp.o
      2646          0          0          0          0       7631   stm32f4xx_hal_rcc.o
       596          0          0          0          0       4297   stm32f4xx_hal_rcc_ex.o
      1252          0          0          0          0       9986   stm32f4xx_hal_rtc.o
      3592         14          0          0          0      35810   stm32f4xx_hal_tim.o
       270          0          0          0          0      15299   stm32f4xx_hal_tim_ex.o
       472          0          0          0          0      20404   stm32f4xx_hal_uart.o
        66          0          0          0          0       1176   stm32f4xx_it.o
        18          0         24          4          0       2544   system_stm32f4xx.o
      1390          0          0          0        360       9057   tim.o
        42          0          0          0          7       3835   tim_it.o
       208          0          0          0         72       4905   usart.o

    ----------------------------------------------------------------------
     18586         96        472         32       2184     214423   Object Totals
         0          0         32          0          0          0   (incl. Generated)
       112          0          3          3          0          0   (incl. Padding)

    ----------------------------------------------------------------------

      Code (inc. data)   RO Data    RW Data    ZI Data      Debug   Library Member Name

         8          0          0          0          0         68   __main.o
         0          0          0          0          0          0   __rtentry.o
        12          0          0          0          0          0   __rtentry2.o
         6          0          0          0          0          0   __rtentry4.o
        94          8          0          0          0          0   __scatter.o
        26          0          0          0          0          0   __scatter_copy.o
        28          0          0          0          0          0   __scatter_zi.o
        22          0          0          0          0        100   _rserrno.o
        18          0          0          0          0         80   exit.o
         6          0          0          0          0        152   heapauxi.o
         0          0          0          0          0          0   indicate_semi.o
         2          0          0          0          0          0   libinit.o
         6          0          0          0          0          0   libinit2.o
         2          0          0          0          0          0   libshutdown.o
         2          0          0          0          0          0   libshutdown2.o
         8          4          0          0         96         68   libspace.o
       240          0          0          0          0        100   lludivv7m.o
         8          4          0          0          0         68   rt_errno_addr_intlibspace.o
        78          0          0          0          0         80   rt_memclr_w.o
         2          0          0          0          0          0   rtexit.o
        10          0          0          0          0          0   rtexit2.o
        12          4          0          0          0         68   sys_exit.o
        74          0          0          0          0         80   sys_stackheap_outer.o
         2          0          0          0          0         68   use_no_semi.o
        26          0          0          0          0        116   fpinit.o
         0          0          0          0          0          0   usenofp.o
       280         46          0          0          0        176   acosf.o
       352         56          0          0          0        172   atanf.o
        38          0          0          0          0        116   fpclassifyf.o
        38         12          0          0          0        348   funder.o
       340         24         32          0          0        160   rredf.o
       400         56          0          0          0        212   sinf.o
       120          0          0          0          0        272   sqrtf.o

    ----------------------------------------------------------------------
      2270        214         32          0         96       2504   Library Totals
        10          0          0          0          0          0   (incl. Padding)

    ----------------------------------------------------------------------

      Code (inc. data)   RO Data    RW Data    ZI Data      Debug   Library Name

       666         20          0          0         96        932   c_w.l
        26          0          0          0          0        116   fz_wm.l
      1568        194         32          0          0       1456   m_wm.l

    ----------------------------------------------------------------------
      2270        214         32          0         96       2504   Library Totals

    ----------------------------------------------------------------------

==============================================================================


      Code (inc. data)   RO Data    RW Data    ZI Data      Debug   

     20856        310        504         32       2280     215191   Grand Totals
     20856        310        504         32       2280     215191   ELF Image Totals
     20856        310        504         32          0          0   ROM Totals

==============================================================================

    Total RO  Size (Code + RO Data)                21360 (  20.86kB)
    Total RW  Size (RW Data + ZI Data)              2312 (   2.26kB)
    Total ROM Size (Code + RO Data + RW Data)      21392 (  20.89kB)

==============================================================================

